{"timestamp":"2026-07-29T11:33:49.498198Z","level":"info","event":"::group::Pre Execute","logger":"task","filename":"task_runner.py","lineno":2303}
{"timestamp":"2026-07-29T11:33:49.531204Z","level":"info","event":"DAG bundles loaded: dags-folder","run_id":"manual__2026-07-29T11:33:26.106608+00:00","map_index":-1,"task_id":"train_model_task","ti_id":"019fada6-a003-7aad-b5fb-8f0dde62f7a8","try_number":1,"dag_id":"fraud_detection_pipeline","logger":"airflow.dag_processing.bundles.manager.DagBundlesManager","filename":"manager.py","lineno":271}
{"timestamp":"2026-07-29T11:33:49.532950Z","level":"info","event":"Filling up the DagBag from /opt/airflow/dags/fraud_dags.py","run_id":"manual__2026-07-29T11:33:26.106608+00:00","map_index":-1,"task_id":"train_model_task","ti_id":"019fada6-a003-7aad-b5fb-8f0dde62f7a8","try_number":1,"dag_id":"fraud_detection_pipeline","logger":"airflow.dag_processing.dagbag.BundleDagBag","filename":"dagbag.py","lineno":460}
{"timestamp":"2026-07-29T11:33:50.796699Z","level":"error","event":"\u001b[32m2026-07-29 11:33:50,796 - INFO - Connecting to MinIO at http://minio:9000\u001b[0m","logger":"task.stderr"}
{"timestamp":"2026-07-29T11:33:50.796537Z","level":"info","event":"Connecting to MinIO at http://minio:9000","logger":"FraudDetector","run_id":"manual__2026-07-29T11:33:26.106608+00:00","map_index":-1,"task_id":"train_model_task","ti_id":"019fada6-a003-7aad-b5fb-8f0dde62f7a8","try_number":1,"dag_id":"fraud_detection_pipeline","filename":"main.py","lineno":159}
{"timestamp":"2026-07-29T11:33:50.878818Z","level":"error","event":"\u001b[32m2026-07-29 11:33:50,878 - INFO - Bucket 'my-bucket' already exists\u001b[0m","logger":"task.stderr"}
{"timestamp":"2026-07-29T11:33:50.878740Z","level":"info","event":"Bucket 'my-bucket' already exists","logger":"FraudDetector","run_id":"manual__2026-07-29T11:33:26.106608+00:00","map_index":-1,"task_id":"train_model_task","ti_id":"019fada6-a003-7aad-b5fb-8f0dde62f7a8","try_number":1,"dag_id":"fraud_detection_pipeline","filename":"main.py","lineno":178}
{"timestamp":"2026-07-29T11:33:50.881553Z","level":"info","event":"Worker startup parse complete","bundle_name":"dags-folder","bundle_version":null,"dag_file":"fraud_dags.py","dag_id":"fraud_detection_pipeline","bundle_prepare_ms":2,"dag_file_parse_ms":1348,"run_id":"manual__2026-07-29T11:33:26.106608+00:00","map_index":-1,"task_id":"train_model_task","ti_id":"019fada6-a003-7aad-b5fb-8f0dde62f7a8","try_number":1,"logger":"task","filename":"task_runner.py","lineno":1062}
{"timestamp":"2026-07-29T11:33:50.909095Z","level":"info","event":"::endgroup::","run_id":"manual__2026-07-29T11:33:26.106608+00:00","map_index":-1,"task_id":"train_model_task","ti_id":"019fada6-a003-7aad-b5fb-8f0dde62f7a8","try_number":1,"dag_id":"fraud_detection_pipeline","logger":"task","filename":"task_runner.py","lineno":2107}
{"timestamp":"2026-07-29T11:33:50.911481Z","level":"error","event":"\u001b[32m2026-07-29 11:33:50,911 - INFO - ============================================================\u001b[0m","logger":"task.stderr"}
{"timestamp":"2026-07-29T11:33:50.912819Z","level":"error","event":"\u001b[32m2026-07-29 11:33:50,911 - INFO - TASK 3: Model Training\u001b[0m","logger":"task.stderr"}
{"timestamp":"2026-07-29T11:33:50.913822Z","level":"error","event":"\u001b[32m2026-07-29 11:33:50,911 - INFO - ============================================================\u001b[0m","logger":"task.stderr"}
{"timestamp":"2026-07-29T11:33:50.911466Z","level":"info","event":"============================================================","logger":"FraudDetector","run_id":"manual__2026-07-29T11:33:26.106608+00:00","map_index":-1,"task_id":"train_model_task","ti_id":"019fada6-a003-7aad-b5fb-8f0dde62f7a8","try_number":1,"dag_id":"fraud_detection_pipeline","filename":"main.py","lineno":297}
{"timestamp":"2026-07-29T11:33:50.911620Z","level":"info","event":"TASK 3: Model Training","logger":"FraudDetector","run_id":"manual__2026-07-29T11:33:26.106608+00:00","map_index":-1,"task_id":"train_model_task","ti_id":"019fada6-a003-7aad-b5fb-8f0dde62f7a8","try_number":1,"dag_id":"fraud_detection_pipeline","filename":"main.py","lineno":298}
{"timestamp":"2026-07-29T11:33:50.911701Z","level":"info","event":"============================================================","logger":"FraudDetector","run_id":"manual__2026-07-29T11:33:26.106608+00:00","map_index":-1,"task_id":"train_model_task","ti_id":"019fada6-a003-7aad-b5fb-8f0dde62f7a8","try_number":1,"dag_id":"fraud_detection_pipeline","filename":"main.py","lineno":299}
{"timestamp":"2026-07-29T11:33:50.941241Z","level":"error","event":"\u001b[32m2026-07-29 11:33:50,941 - INFO - Fetching cleaned data from MinIO: cleaned/fraud_cleaned_20260729T113323.parquet\u001b[0m","logger":"task.stderr"}
{"timestamp":"2026-07-29T11:33:50.941241Z","level":"info","event":"Fetching cleaned data from MinIO: cleaned/fraud_cleaned_20260729T113323.parquet","logger":"FraudDetector","run_id":"manual__2026-07-29T11:33:26.106608+00:00","map_index":-1,"task_id":"train_model_task","ti_id":"019fada6-a003-7aad-b5fb-8f0dde62f7a8","try_number":1,"dag_id":"fraud_detection_pipeline","filename":"main.py","lineno":311}
{"timestamp":"2026-07-29T11:33:51.002826Z","level":"error","event":"\u001b[32m2026-07-29 11:33:51,002 - INFO - Downloaded s3://my-bucket/cleaned/fraud_cleaned_20260729T113323.parquet -> /tmp/tmp5gclystl.parquet\u001b[0m","logger":"task.stderr"}
{"timestamp":"2026-07-29T11:33:51.002591Z","level":"info","event":"Downloaded s3://my-bucket/cleaned/fraud_cleaned_20260729T113323.parquet -> /tmp/tmp5gclystl.parquet","logger":"FraudDetector","run_id":"manual__2026-07-29T11:33:26.106608+00:00","map_index":-1,"task_id":"train_model_task","ti_id":"019fada6-a003-7aad-b5fb-8f0dde62f7a8","try_number":1,"dag_id":"fraud_detection_pipeline","filename":"main.py","lineno":196}
{"timestamp":"2026-07-29T11:33:51.404771Z","level":"error","event":"\u001b[32m2026-07-29 11:33:51,403 - INFO - Training data shape: (1296675, 12)\u001b[0m","logger":"task.stderr"}
{"timestamp":"2026-07-29T11:33:51.404646Z","level":"info","event":"Training data shape: (1296675, 12)","logger":"FraudDetector","run_id":"manual__2026-07-29T11:33:26.106608+00:00","map_index":-1,"task_id":"train_model_task","ti_id":"019fada6-a003-7aad-b5fb-8f0dde62f7a8","try_number":1,"dag_id":"fraud_detection_pipeline","filename":"main.py","lineno":325}
{"timestamp":"2026-07-29T11:33:51.407497Z","level":"info","event":"Fraud rate: 0.58%","logger":"FraudDetector","run_id":"manual__2026-07-29T11:33:26.106608+00:00","map_index":-1,"task_id":"train_model_task","ti_id":"019fada6-a003-7aad-b5fb-8f0dde62f7a8","try_number":1,"dag_id":"fraud_detection_pipeline","filename":"main.py","lineno":326}
{"timestamp":"2026-07-29T11:33:51.410009Z","level":"error","event":"\u001b[32m2026-07-29 11:33:51,407 - INFO - Fraud rate: 0.58%\u001b[0m","logger":"task.stderr"}
{"timestamp":"2026-07-29T11:33:52.304844Z","level":"error","event":"\u001b[32m2026-07-29 11:33:52,304 - INFO - Training set: 1037340 samples\u001b[0m","logger":"task.stderr"}
{"timestamp":"2026-07-29T11:33:52.306467Z","level":"error","event":"\u001b[32m2026-07-29 11:33:52,305 - INFO - Test set: 259335 samples\u001b[0m","logger":"task.stderr"}
{"timestamp":"2026-07-29T11:33:52.307566Z","level":"error","event":"\u001b[32m2026-07-29 11:33:52,305 - INFO - Training RandomForest classifier...\u001b[0m","logger":"task.stderr"}
{"timestamp":"2026-07-29T11:33:52.304844Z","level":"info","event":"Training set: 1037340 samples","logger":"FraudDetector","run_id":"manual__2026-07-29T11:33:26.106608+00:00","map_index":-1,"task_id":"train_model_task","ti_id":"019fada6-a003-7aad-b5fb-8f0dde62f7a8","try_number":1,"dag_id":"fraud_detection_pipeline","filename":"main.py","lineno":356}
{"timestamp":"2026-07-29T11:33:52.305462Z","level":"info","event":"Test set: 259335 samples","logger":"FraudDetector","run_id":"manual__2026-07-29T11:33:26.106608+00:00","map_index":-1,"task_id":"train_model_task","ti_id":"019fada6-a003-7aad-b5fb-8f0dde62f7a8","try_number":1,"dag_id":"fraud_detection_pipeline","filename":"main.py","lineno":357}
{"timestamp":"2026-07-29T11:33:52.305657Z","level":"info","event":"Training RandomForest classifier...","logger":"FraudDetector","run_id":"manual__2026-07-29T11:33:26.106608+00:00","map_index":-1,"task_id":"train_model_task","ti_id":"019fada6-a003-7aad-b5fb-8f0dde62f7a8","try_number":1,"dag_id":"fraud_detection_pipeline","filename":"main.py","lineno":360}
{"timestamp":"2026-07-29T11:38:27.617065Z","level":"critical","event":"Process terminated by signal. Likely out of memory error (OOM). For more information, see https://airflow.apache.org/docs/apache-airflow/stable/troubleshooting.html#process-terminated-by-signal.","signal":-9,"signal_name":"SIGKILL","logger":"task"}
