{"timestamp":"2026-07-29T09:09:27.700126Z","level":"info","event":"::group::Pre Execute","logger":"task","filename":"task_runner.py","lineno":2303}
{"timestamp":"2026-07-29T09:09:27.756319Z","level":"info","event":"DAG bundles loaded: dags-folder, example_dags, apache-airflow-providers-common-sql-example-dags, apache-airflow-providers-standard-example-dags","ti_id":"019fad22-cdbb-726e-9222-677c6da49dc1","run_id":"manual__2026-07-29T09:09:27.084452+00:00","dag_id":"Supervised_learningDags","task_id":"checkData","try_number":1,"map_index":-1,"logger":"airflow.dag_processing.bundles.manager.DagBundlesManager","filename":"manager.py","lineno":271}
{"timestamp":"2026-07-29T09:09:27.758599Z","level":"info","event":"Filling up the DagBag from /opt/airflow/dags/steps.py","ti_id":"019fad22-cdbb-726e-9222-677c6da49dc1","run_id":"manual__2026-07-29T09:09:27.084452+00:00","dag_id":"Supervised_learningDags","task_id":"checkData","try_number":1,"map_index":-1,"logger":"airflow.dag_processing.dagbag.BundleDagBag","filename":"dagbag.py","lineno":460}
{"timestamp":"2026-07-29T09:09:28.838205Z","level":"info","event":"Worker startup parse complete","bundle_name":"dags-folder","bundle_version":null,"dag_file":"steps.py","dag_id":"Supervised_learningDags","bundle_prepare_ms":4,"dag_file_parse_ms":1079,"ti_id":"019fad22-cdbb-726e-9222-677c6da49dc1","run_id":"manual__2026-07-29T09:09:27.084452+00:00","task_id":"checkData","try_number":1,"map_index":-1,"logger":"task","filename":"task_runner.py","lineno":1062}
{"timestamp":"2026-07-29T09:09:28.860634Z","level":"info","event":"Task instance is in running state","logger":"task.stdout"}
{"timestamp":"2026-07-29T09:09:28.862720Z","level":"info","event":" Previous state of the Task instance: TaskInstanceState.QUEUED","logger":"task.stdout"}
{"timestamp":"2026-07-29T09:09:28.864260Z","level":"info","event":"Current task name:checkData","logger":"task.stdout"}
{"timestamp":"2026-07-29T09:09:28.865289Z","level":"info","event":"Dag name:Supervised_learningDags","logger":"task.stdout"}
{"timestamp":"2026-07-29T09:09:28.861440Z","level":"info","event":"::endgroup::","ti_id":"019fad22-cdbb-726e-9222-677c6da49dc1","run_id":"manual__2026-07-29T09:09:27.084452+00:00","dag_id":"Supervised_learningDags","task_id":"checkData","try_number":1,"map_index":-1,"logger":"task","filename":"task_runner.py","lineno":2107}
{"timestamp":"2026-07-29T09:09:28.864990Z","level":"info","event":"Start Checking .....","logger":"Fraud_predictor","ti_id":"019fad22-cdbb-726e-9222-677c6da49dc1","run_id":"manual__2026-07-29T09:09:27.084452+00:00","dag_id":"Supervised_learningDags","task_id":"checkData","try_number":1,"map_index":-1,"filename":"main.py","lineno":146}
{"timestamp":"2026-07-29T09:09:28.868585Z","level":"error","event":"\u001b[32m2026-07-29 09:09:28,864 - INFO - Start Checking .....\u001b[0m","logger":"task.stderr"}
{"timestamp":"2026-07-29T09:09:35.771100Z","level":"error","event":"\u001b[32m2026-07-29 09:09:35,770 - INFO - Valid Check\u001b[0m","logger":"task.stderr"}
{"timestamp":"2026-07-29T09:09:35.770973Z","level":"info","event":"Valid Check","logger":"Fraud_predictor","ti_id":"019fad22-cdbb-726e-9222-677c6da49dc1","run_id":"manual__2026-07-29T09:09:27.084452+00:00","dag_id":"Supervised_learningDags","task_id":"checkData","try_number":1,"map_index":-1,"filename":"main.py","lineno":154}
{"timestamp":"2026-07-29T09:09:35.771201Z","level":"info","event":"Done. Returned value was: True","ti_id":"019fad22-cdbb-726e-9222-677c6da49dc1","run_id":"manual__2026-07-29T09:09:27.084452+00:00","dag_id":"Supervised_learningDags","task_id":"checkData","try_number":1,"map_index":-1,"logger":"airflow.task.operators.airflow.providers.standard.operators.python.PythonOperator","filename":"python.py","lineno":233}
{"timestamp":"2026-07-29T09:09:35.771322Z","level":"info","event":"::group::Post Execute","ti_id":"019fad22-cdbb-726e-9222-677c6da49dc1","run_id":"manual__2026-07-29T09:09:27.084452+00:00","dag_id":"Supervised_learningDags","task_id":"checkData","try_number":1,"map_index":-1,"logger":"task","filename":"task_runner.py","lineno":1577}
{"timestamp":"2026-07-29T09:09:35.771534Z","level":"info","event":"Pushing xcom","ti":"RuntimeTaskInstance(id=UUID('019fad22-cdbb-726e-9222-677c6da49dc1'), task_id='checkData', dag_id='Supervised_learningDags', run_id='manual__2026-07-29T09:09:27.084452+00:00', try_number=1, dag_version_id=UUID('019fad22-6a43-73f3-8615-0678c7e652f2'), map_index=-1, hostname='931a51415348', context_carrier={'traceparent': '00-9dd93a035ca7c3280317f9d28338ff6a-aff1967dd2e233cf-00'}, queue='default', task=<Task(PythonOperator): checkData>, bundle_instance=LocalDagBundle(name=dags-folder), max_tries=0, start_date=datetime.datetime(2026, 7, 29, 9, 9, 27, 725613, tzinfo=datetime.timezone.utc), end_date=None, state=<TaskInstanceState.RUNNING: 'running'>, is_mapped=False, rendered_map_index=None, sentry_integration='sentry_sdk.integrations.celery.CeleryIntegration')","ti_id":"019fad22-cdbb-726e-9222-677c6da49dc1","run_id":"manual__2026-07-29T09:09:27.084452+00:00","dag_id":"Supervised_learningDags","task_id":"checkData","try_number":1,"map_index":-1,"logger":"task","filename":"task_runner.py","lineno":2171}
{"timestamp":"2026-07-29T09:09:35.818578Z","level":"info","event":"Task instance in success state","logger":"task.stdout"}
{"timestamp":"2026-07-29T09:09:35.820854Z","level":"info","event":" Previous state of the Task instance: TaskInstanceState.RUNNING","logger":"task.stdout"}
{"timestamp":"2026-07-29T09:09:35.822931Z","level":"info","event":"Task operator:<Task(PythonOperator): checkData>","logger":"task.stdout"}
{"timestamp":"2026-07-29T09:09:35.818905Z","level":"info","event":"::endgroup::","ti_id":"019fad22-cdbb-726e-9222-677c6da49dc1","run_id":"manual__2026-07-29T09:09:27.084452+00:00","dag_id":"Supervised_learningDags","task_id":"checkData","try_number":1,"map_index":-1,"logger":"task","filename":"task_runner.py","lineno":2270}
