{"timestamp":"2026-07-29T09:07:59.569894Z","level":"info","event":"::group::Pre Execute","logger":"task","filename":"task_runner.py","lineno":2303}
{"timestamp":"2026-07-29T09:08:04.508878Z","level":"info","event":"DAG bundles loaded: dags-folder, example_dags, apache-airflow-providers-common-sql-example-dags, apache-airflow-providers-standard-example-dags","try_number":1,"dag_id":"Supervised_learningDags","run_id":"scheduled__2026-01-01T00:00:00+00:00","task_id":"checkData","map_index":-1,"ti_id":"019fad21-7236-7b84-9b70-e1bf469f34c9","logger":"airflow.dag_processing.bundles.manager.DagBundlesManager","filename":"manager.py","lineno":271}
{"timestamp":"2026-07-29T09:08:04.520225Z","level":"info","event":"Filling up the DagBag from /opt/airflow/dags/steps.py","try_number":1,"dag_id":"Supervised_learningDags","run_id":"scheduled__2026-01-01T00:00:00+00:00","task_id":"checkData","map_index":-1,"ti_id":"019fad21-7236-7b84-9b70-e1bf469f34c9","logger":"airflow.dag_processing.dagbag.BundleDagBag","filename":"dagbag.py","lineno":460}
{"timestamp":"2026-07-29T09:08:09.837085Z","level":"info","event":"Worker startup parse complete","bundle_name":"dags-folder","bundle_version":null,"dag_file":"steps.py","dag_id":"Supervised_learningDags","bundle_prepare_ms":13,"dag_file_parse_ms":5319,"try_number":1,"run_id":"scheduled__2026-01-01T00:00:00+00:00","task_id":"checkData","map_index":-1,"ti_id":"019fad21-7236-7b84-9b70-e1bf469f34c9","logger":"task","filename":"task_runner.py","lineno":1062}
{"timestamp":"2026-07-29T09:08:09.905453Z","level":"info","event":"Task instance is in running state","logger":"task.stdout"}
{"timestamp":"2026-07-29T09:08:09.906411Z","level":"info","event":" Previous state of the Task instance: TaskInstanceState.QUEUED","logger":"task.stdout"}
{"timestamp":"2026-07-29T09:08:09.907486Z","level":"info","event":"Current task name:checkData","logger":"task.stdout"}
{"timestamp":"2026-07-29T09:08:09.908480Z","level":"info","event":"Dag name:Supervised_learningDags","logger":"task.stdout"}
{"timestamp":"2026-07-29T09:08:09.905797Z","level":"info","event":"::endgroup::","try_number":1,"dag_id":"Supervised_learningDags","run_id":"scheduled__2026-01-01T00:00:00+00:00","task_id":"checkData","map_index":-1,"ti_id":"019fad21-7236-7b84-9b70-e1bf469f34c9","logger":"task","filename":"task_runner.py","lineno":2107}
{"timestamp":"2026-07-29T09:08:09.908165Z","level":"info","event":"Start Checking .....","logger":"Fraud_predictor","try_number":1,"dag_id":"Supervised_learningDags","run_id":"scheduled__2026-01-01T00:00:00+00:00","task_id":"checkData","map_index":-1,"ti_id":"019fad21-7236-7b84-9b70-e1bf469f34c9","filename":"main.py","lineno":146}
{"timestamp":"2026-07-29T09:08:09.910937Z","level":"error","event":"\u001b[32m2026-07-29 09:08:09,907 - INFO - Start Checking .....\u001b[0m","logger":"task.stderr"}
{"timestamp":"2026-07-29T09:08:17.213997Z","level":"error","event":"\u001b[32m2026-07-29 09:08:17,213 - INFO - Valid Check\u001b[0m","logger":"task.stderr"}
{"timestamp":"2026-07-29T09:08:17.213816Z","level":"info","event":"Valid Check","logger":"Fraud_predictor","try_number":1,"dag_id":"Supervised_learningDags","run_id":"scheduled__2026-01-01T00:00:00+00:00","task_id":"checkData","map_index":-1,"ti_id":"019fad21-7236-7b84-9b70-e1bf469f34c9","filename":"main.py","lineno":154}
{"timestamp":"2026-07-29T09:08:17.214089Z","level":"info","event":"Done. Returned value was: True","try_number":1,"dag_id":"Supervised_learningDags","run_id":"scheduled__2026-01-01T00:00:00+00:00","task_id":"checkData","map_index":-1,"ti_id":"019fad21-7236-7b84-9b70-e1bf469f34c9","logger":"airflow.task.operators.airflow.providers.standard.operators.python.PythonOperator","filename":"python.py","lineno":233}
{"timestamp":"2026-07-29T09:08:17.214258Z","level":"info","event":"::group::Post Execute","try_number":1,"dag_id":"Supervised_learningDags","run_id":"scheduled__2026-01-01T00:00:00+00:00","task_id":"checkData","map_index":-1,"ti_id":"019fad21-7236-7b84-9b70-e1bf469f34c9","logger":"task","filename":"task_runner.py","lineno":1577}
{"timestamp":"2026-07-29T09:08:17.214502Z","level":"info","event":"Pushing xcom","ti":"RuntimeTaskInstance(id=UUID('019fad21-7236-7b84-9b70-e1bf469f34c9'), task_id='checkData', dag_id='Supervised_learningDags', run_id='scheduled__2026-01-01T00:00:00+00:00', try_number=1, dag_version_id=UUID('019fad21-26cd-7aaa-8d07-99a5037ca6b5'), map_index=-1, hostname='931a51415348', context_carrier={'traceparent': '00-176c7bff42021f5373362d6ac2c71f4b-860a6a4e53421f9c-00'}, queue='default', task=<Task(PythonOperator): checkData>, bundle_instance=LocalDagBundle(name=dags-folder), max_tries=0, start_date=datetime.datetime(2026, 7, 29, 9, 8, 4, 448100, tzinfo=datetime.timezone.utc), end_date=None, state=<TaskInstanceState.RUNNING: 'running'>, is_mapped=False, rendered_map_index=None, sentry_integration='sentry_sdk.integrations.celery.CeleryIntegration')","try_number":1,"dag_id":"Supervised_learningDags","run_id":"scheduled__2026-01-01T00:00:00+00:00","task_id":"checkData","map_index":-1,"ti_id":"019fad21-7236-7b84-9b70-e1bf469f34c9","logger":"task","filename":"task_runner.py","lineno":2171}
{"timestamp":"2026-07-29T09:08:17.262498Z","level":"info","event":"Task instance in success state","logger":"task.stdout"}
{"timestamp":"2026-07-29T09:08:17.268316Z","level":"info","event":" Previous state of the Task instance: TaskInstanceState.RUNNING","logger":"task.stdout"}
{"timestamp":"2026-07-29T09:08:17.270633Z","level":"info","event":"Task operator:<Task(PythonOperator): checkData>","logger":"task.stdout"}
{"timestamp":"2026-07-29T09:08:17.262761Z","level":"info","event":"::endgroup::","try_number":1,"dag_id":"Supervised_learningDags","run_id":"scheduled__2026-01-01T00:00:00+00:00","task_id":"checkData","map_index":-1,"ti_id":"019fad21-7236-7b84-9b70-e1bf469f34c9","logger":"task","filename":"task_runner.py","lineno":2270}
{"timestamp":"2026-07-29T09:09:34.227022Z","level":"info","event":"::group::Pre Execute","logger":"task","filename":"task_runner.py","lineno":2303}
{"timestamp":"2026-07-29T09:09:34.263291Z","level":"info","event":"DAG bundles loaded: dags-folder, example_dags, apache-airflow-providers-common-sql-example-dags, apache-airflow-providers-standard-example-dags","run_id":"scheduled__2026-01-01T00:00:00+00:00","dag_id":"Supervised_learningDags","task_id":"checkData","try_number":1,"map_index":-1,"ti_id":"019fad22-e912-7fb4-8612-57418c8f7e6b","logger":"airflow.dag_processing.bundles.manager.DagBundlesManager","filename":"manager.py","lineno":271}
{"timestamp":"2026-07-29T09:09:34.265597Z","level":"info","event":"Filling up the DagBag from /opt/airflow/dags/steps.py","run_id":"scheduled__2026-01-01T00:00:00+00:00","dag_id":"Supervised_learningDags","task_id":"checkData","try_number":1,"map_index":-1,"ti_id":"019fad22-e912-7fb4-8612-57418c8f7e6b","logger":"airflow.dag_processing.dagbag.BundleDagBag","filename":"dagbag.py","lineno":460}
{"timestamp":"2026-07-29T09:09:35.842817Z","level":"info","event":"Worker startup parse complete","bundle_name":"dags-folder","bundle_version":null,"dag_file":"steps.py","dag_id":"Supervised_learningDags","bundle_prepare_ms":3,"dag_file_parse_ms":1579,"run_id":"scheduled__2026-01-01T00:00:00+00:00","task_id":"checkData","try_number":1,"map_index":-1,"ti_id":"019fad22-e912-7fb4-8612-57418c8f7e6b","logger":"task","filename":"task_runner.py","lineno":1062}
{"timestamp":"2026-07-29T09:09:35.873451Z","level":"info","event":"Task instance is in running state","logger":"task.stdout"}
{"timestamp":"2026-07-29T09:09:35.874595Z","level":"info","event":" Previous state of the Task instance: TaskInstanceState.QUEUED","logger":"task.stdout"}
{"timestamp":"2026-07-29T09:09:35.876871Z","level":"info","event":"Current task name:checkData","logger":"task.stdout"}
{"timestamp":"2026-07-29T09:09:35.878021Z","level":"info","event":"Dag name:Supervised_learningDags","logger":"task.stdout"}
{"timestamp":"2026-07-29T09:09:35.873797Z","level":"info","event":"::endgroup::","run_id":"scheduled__2026-01-01T00:00:00+00:00","dag_id":"Supervised_learningDags","task_id":"checkData","try_number":1,"map_index":-1,"ti_id":"019fad22-e912-7fb4-8612-57418c8f7e6b","logger":"task","filename":"task_runner.py","lineno":2107}
{"timestamp":"2026-07-29T09:09:35.876482Z","level":"info","event":"Start Checking .....","logger":"Fraud_predictor","run_id":"scheduled__2026-01-01T00:00:00+00:00","dag_id":"Supervised_learningDags","task_id":"checkData","try_number":1,"map_index":-1,"ti_id":"019fad22-e912-7fb4-8612-57418c8f7e6b","filename":"main.py","lineno":146}
{"timestamp":"2026-07-29T09:09:35.880592Z","level":"error","event":"\u001b[32m2026-07-29 09:09:35,876 - INFO - Start Checking .....\u001b[0m","logger":"task.stderr"}
{"timestamp":"2026-07-29T09:09:44.477568Z","level":"error","event":"\u001b[32m2026-07-29 09:09:44,477 - INFO - Valid Check\u001b[0m","logger":"task.stderr"}
{"timestamp":"2026-07-29T09:09:44.477428Z","level":"info","event":"Valid Check","logger":"Fraud_predictor","run_id":"scheduled__2026-01-01T00:00:00+00:00","dag_id":"Supervised_learningDags","task_id":"checkData","try_number":1,"map_index":-1,"ti_id":"019fad22-e912-7fb4-8612-57418c8f7e6b","filename":"main.py","lineno":154}
{"timestamp":"2026-07-29T09:09:44.477675Z","level":"info","event":"Done. Returned value was: True","run_id":"scheduled__2026-01-01T00:00:00+00:00","dag_id":"Supervised_learningDags","task_id":"checkData","try_number":1,"map_index":-1,"ti_id":"019fad22-e912-7fb4-8612-57418c8f7e6b","logger":"airflow.task.operators.airflow.providers.standard.operators.python.PythonOperator","filename":"python.py","lineno":233}
{"timestamp":"2026-07-29T09:09:44.478046Z","level":"info","event":"::group::Post Execute","run_id":"scheduled__2026-01-01T00:00:00+00:00","dag_id":"Supervised_learningDags","task_id":"checkData","try_number":1,"map_index":-1,"ti_id":"019fad22-e912-7fb4-8612-57418c8f7e6b","logger":"task","filename":"task_runner.py","lineno":1577}
{"timestamp":"2026-07-29T09:09:44.478376Z","level":"info","event":"Pushing xcom","ti":"RuntimeTaskInstance(id=UUID('019fad22-e912-7fb4-8612-57418c8f7e6b'), task_id='checkData', dag_id='Supervised_learningDags', run_id='scheduled__2026-01-01T00:00:00+00:00', try_number=1, dag_version_id=UUID('019fad22-6a43-73f3-8615-0678c7e652f2'), map_index=-1, hostname='931a51415348', context_carrier={'traceparent': '00-aaed50c6a06f94dc487230a2f4153618-8b0457c50696a207-00'}, queue='default', task=<Task(PythonOperator): checkData>, bundle_instance=LocalDagBundle(name=dags-folder), max_tries=0, start_date=datetime.datetime(2026, 7, 29, 9, 9, 34, 243686, tzinfo=datetime.timezone.utc), end_date=None, state=<TaskInstanceState.RUNNING: 'running'>, is_mapped=False, rendered_map_index=None, sentry_integration='sentry_sdk.integrations.celery.CeleryIntegration')","run_id":"scheduled__2026-01-01T00:00:00+00:00","dag_id":"Supervised_learningDags","task_id":"checkData","try_number":1,"map_index":-1,"ti_id":"019fad22-e912-7fb4-8612-57418c8f7e6b","logger":"task","filename":"task_runner.py","lineno":2171}
{"timestamp":"2026-07-29T09:09:44.527351Z","level":"info","event":"Task instance in success state","logger":"task.stdout"}
{"timestamp":"2026-07-29T09:09:44.528614Z","level":"info","event":" Previous state of the Task instance: TaskInstanceState.RUNNING","logger":"task.stdout"}
{"timestamp":"2026-07-29T09:09:44.530118Z","level":"info","event":"Task operator:<Task(PythonOperator): checkData>","logger":"task.stdout"}
{"timestamp":"2026-07-29T09:09:44.527620Z","level":"info","event":"::endgroup::","run_id":"scheduled__2026-01-01T00:00:00+00:00","dag_id":"Supervised_learningDags","task_id":"checkData","try_number":1,"map_index":-1,"ti_id":"019fad22-e912-7fb4-8612-57418c8f7e6b","logger":"task","filename":"task_runner.py","lineno":2270}
