{"timestamp":"2026-07-29T11:25:39.322616Z","level":"info","event":"::group::Pre Execute","logger":"task","filename":"task_runner.py","lineno":2303}
{"timestamp":"2026-07-29T11:25:39.376239Z","level":"info","event":"DAG bundles loaded: dags-folder","try_number":1,"map_index":-1,"dag_id":"fraud_detection_pipeline","task_id":"train_model_task","run_id":"manual__2026-07-29T11:25:23.654496+00:00","ti_id":"019fad9f-4366-7b05-9dca-c51642241e42","logger":"airflow.dag_processing.bundles.manager.DagBundlesManager","filename":"manager.py","lineno":271}
{"timestamp":"2026-07-29T11:25:39.379050Z","level":"info","event":"Filling up the DagBag from /opt/airflow/dags/fraud_dags.py","try_number":1,"map_index":-1,"dag_id":"fraud_detection_pipeline","task_id":"train_model_task","run_id":"manual__2026-07-29T11:25:23.654496+00:00","ti_id":"019fad9f-4366-7b05-9dca-c51642241e42","logger":"airflow.dag_processing.dagbag.BundleDagBag","filename":"dagbag.py","lineno":460}
{"timestamp":"2026-07-29T11:25:40.967263Z","level":"error","event":"\u001b[32m2026-07-29 11:25:40,966 - INFO - Connecting to MinIO at http://minio:9000\u001b[0m","logger":"task.stderr"}
{"timestamp":"2026-07-29T11:25:40.966637Z","level":"info","event":"Connecting to MinIO at http://minio:9000","logger":"FraudDetector","try_number":1,"map_index":-1,"dag_id":"fraud_detection_pipeline","task_id":"train_model_task","run_id":"manual__2026-07-29T11:25:23.654496+00:00","ti_id":"019fad9f-4366-7b05-9dca-c51642241e42","filename":"main.py","lineno":159}
{"timestamp":"2026-07-29T11:25:41.088194Z","level":"error","event":"\u001b[32m2026-07-29 11:25:41,087 - INFO - Bucket 'my-bucket' already exists\u001b[0m","logger":"task.stderr"}
{"timestamp":"2026-07-29T11:25:41.087974Z","level":"info","event":"Bucket 'my-bucket' already exists","logger":"FraudDetector","try_number":1,"map_index":-1,"dag_id":"fraud_detection_pipeline","task_id":"train_model_task","run_id":"manual__2026-07-29T11:25:23.654496+00:00","ti_id":"019fad9f-4366-7b05-9dca-c51642241e42","filename":"main.py","lineno":178}
{"timestamp":"2026-07-29T11:25:41.092287Z","level":"info","event":"Worker startup parse complete","bundle_name":"dags-folder","bundle_version":null,"dag_file":"fraud_dags.py","dag_id":"fraud_detection_pipeline","bundle_prepare_ms":3,"dag_file_parse_ms":1713,"try_number":1,"map_index":-1,"task_id":"train_model_task","run_id":"manual__2026-07-29T11:25:23.654496+00:00","ti_id":"019fad9f-4366-7b05-9dca-c51642241e42","logger":"task","filename":"task_runner.py","lineno":1062}
{"timestamp":"2026-07-29T11:25:41.129479Z","level":"info","event":"::endgroup::","try_number":1,"map_index":-1,"dag_id":"fraud_detection_pipeline","task_id":"train_model_task","run_id":"manual__2026-07-29T11:25:23.654496+00:00","ti_id":"019fad9f-4366-7b05-9dca-c51642241e42","logger":"task","filename":"task_runner.py","lineno":2107}
{"timestamp":"2026-07-29T11:25:41.132668Z","level":"error","event":"\u001b[32m2026-07-29 11:25:41,132 - INFO - ============================================================\u001b[0m","logger":"task.stderr"}
{"timestamp":"2026-07-29T11:25:41.134179Z","level":"error","event":"\u001b[32m2026-07-29 11:25:41,132 - INFO - TASK 3: Model Training\u001b[0m","logger":"task.stderr"}
{"timestamp":"2026-07-29T11:25:41.135875Z","level":"error","event":"\u001b[32m2026-07-29 11:25:41,132 - INFO - ============================================================\u001b[0m","logger":"task.stderr"}
{"timestamp":"2026-07-29T11:25:41.132665Z","level":"info","event":"============================================================","logger":"FraudDetector","try_number":1,"map_index":-1,"dag_id":"fraud_detection_pipeline","task_id":"train_model_task","run_id":"manual__2026-07-29T11:25:23.654496+00:00","ti_id":"019fad9f-4366-7b05-9dca-c51642241e42","filename":"main.py","lineno":297}
{"timestamp":"2026-07-29T11:25:41.132873Z","level":"info","event":"TASK 3: Model Training","logger":"FraudDetector","try_number":1,"map_index":-1,"dag_id":"fraud_detection_pipeline","task_id":"train_model_task","run_id":"manual__2026-07-29T11:25:23.654496+00:00","ti_id":"019fad9f-4366-7b05-9dca-c51642241e42","filename":"main.py","lineno":298}
{"timestamp":"2026-07-29T11:25:41.132972Z","level":"info","event":"============================================================","logger":"FraudDetector","try_number":1,"map_index":-1,"dag_id":"fraud_detection_pipeline","task_id":"train_model_task","run_id":"manual__2026-07-29T11:25:23.654496+00:00","ti_id":"019fad9f-4366-7b05-9dca-c51642241e42","filename":"main.py","lineno":299}
{"timestamp":"2026-07-29T11:25:41.164167Z","level":"error","event":"\u001b[32m2026-07-29 11:25:41,163 - INFO - Fetching cleaned data from MinIO: cleaned/fraud_cleaned_20260729T112522.parquet\u001b[0m","logger":"task.stderr"}
{"timestamp":"2026-07-29T11:25:41.163995Z","level":"info","event":"Fetching cleaned data from MinIO: cleaned/fraud_cleaned_20260729T112522.parquet","logger":"FraudDetector","try_number":1,"map_index":-1,"dag_id":"fraud_detection_pipeline","task_id":"train_model_task","run_id":"manual__2026-07-29T11:25:23.654496+00:00","ti_id":"019fad9f-4366-7b05-9dca-c51642241e42","filename":"main.py","lineno":311}
{"timestamp":"2026-07-29T11:25:41.228271Z","level":"error","event":"\u001b[32m2026-07-29 11:25:41,227 - INFO - Downloaded s3://my-bucket/cleaned/fraud_cleaned_20260729T112522.parquet -> /tmp/tmpx9_kp6mm.parquet\u001b[0m","logger":"task.stderr"}
{"timestamp":"2026-07-29T11:25:41.228165Z","level":"info","event":"Downloaded s3://my-bucket/cleaned/fraud_cleaned_20260729T112522.parquet -> /tmp/tmpx9_kp6mm.parquet","logger":"FraudDetector","try_number":1,"map_index":-1,"dag_id":"fraud_detection_pipeline","task_id":"train_model_task","run_id":"manual__2026-07-29T11:25:23.654496+00:00","ti_id":"019fad9f-4366-7b05-9dca-c51642241e42","filename":"main.py","lineno":196}
{"timestamp":"2026-07-29T11:25:41.661226Z","level":"error","event":"\u001b[32m2026-07-29 11:25:41,660 - INFO - Training data shape: (1296675, 12)\u001b[0m","logger":"task.stderr"}
{"timestamp":"2026-07-29T11:25:41.661095Z","level":"info","event":"Training data shape: (1296675, 12)","logger":"FraudDetector","try_number":1,"map_index":-1,"dag_id":"fraud_detection_pipeline","task_id":"train_model_task","run_id":"manual__2026-07-29T11:25:23.654496+00:00","ti_id":"019fad9f-4366-7b05-9dca-c51642241e42","filename":"main.py","lineno":325}
{"timestamp":"2026-07-29T11:25:41.663293Z","level":"info","event":"Fraud rate: 0.58%","logger":"FraudDetector","try_number":1,"map_index":-1,"dag_id":"fraud_detection_pipeline","task_id":"train_model_task","run_id":"manual__2026-07-29T11:25:23.654496+00:00","ti_id":"019fad9f-4366-7b05-9dca-c51642241e42","filename":"main.py","lineno":326}
{"timestamp":"2026-07-29T11:25:41.665659Z","level":"error","event":"\u001b[32m2026-07-29 11:25:41,663 - INFO - Fraud rate: 0.58%\u001b[0m","logger":"task.stderr"}
{"timestamp":"2026-07-29T11:25:42.415615Z","level":"error","event":"\u001b[32m2026-07-29 11:25:42,415 - INFO - Training set: 1037340 samples\u001b[0m","logger":"task.stderr"}
{"timestamp":"2026-07-29T11:25:42.416868Z","level":"error","event":"\u001b[32m2026-07-29 11:25:42,415 - INFO - Test set: 259335 samples\u001b[0m","logger":"task.stderr"}
{"timestamp":"2026-07-29T11:25:42.418213Z","level":"error","event":"\u001b[32m2026-07-29 11:25:42,415 - INFO - Training RandomForest classifier...\u001b[0m","logger":"task.stderr"}
{"timestamp":"2026-07-29T11:25:42.415564Z","level":"info","event":"Training set: 1037340 samples","logger":"FraudDetector","try_number":1,"map_index":-1,"dag_id":"fraud_detection_pipeline","task_id":"train_model_task","run_id":"manual__2026-07-29T11:25:23.654496+00:00","ti_id":"019fad9f-4366-7b05-9dca-c51642241e42","filename":"main.py","lineno":356}
{"timestamp":"2026-07-29T11:25:42.415866Z","level":"info","event":"Test set: 259335 samples","logger":"FraudDetector","try_number":1,"map_index":-1,"dag_id":"fraud_detection_pipeline","task_id":"train_model_task","run_id":"manual__2026-07-29T11:25:23.654496+00:00","ti_id":"019fad9f-4366-7b05-9dca-c51642241e42","filename":"main.py","lineno":357}
{"timestamp":"2026-07-29T11:25:42.415975Z","level":"info","event":"Training RandomForest classifier...","logger":"FraudDetector","try_number":1,"map_index":-1,"dag_id":"fraud_detection_pipeline","task_id":"train_model_task","run_id":"manual__2026-07-29T11:25:23.654496+00:00","ti_id":"019fad9f-4366-7b05-9dca-c51642241e42","filename":"main.py","lineno":360}
{"timestamp":"2026-07-29T11:31:16.783749Z","level":"critical","event":"Process terminated by signal. Likely out of memory error (OOM). For more information, see https://airflow.apache.org/docs/apache-airflow/stable/troubleshooting.html#process-terminated-by-signal.","signal":-9,"signal_name":"SIGKILL","logger":"task"}
