{"timestamp":"2026-07-29T11:15:43.091567Z","level":"info","event":"Filling up the DagBag from /opt/airflow/dags/fraud_dags.py","logger":"airflow.dag_processing.dagbag.BundleDagBag","filename":"dagbag.py","lineno":460}
{"timestamp":"2026-07-29T11:15:43.122984Z","level":"error","event":"Failed to import: /opt/airflow/dags/fraud_dags.py","logger":"airflow.dag_processing.importers.python_importer","filename":"python_importer.py","lineno":244,"error_detail":[{"exc_type":"ModuleNotFoundError","exc_value":"No module named 'fraud_detection_main'","exc_notes":[],"syntax_error":null,"is_cause":false,"frames":[{"filename":"/home/airflow/.local/lib/python3.13/site-packages/airflow/dag_processing/importers/python_importer.py","lineno":238,"name":"parse"},{"filename":"<frozen importlib._bootstrap_external>","lineno":1023,"name":"exec_module"},{"filename":"<frozen importlib._bootstrap>","lineno":488,"name":"_call_with_frames_removed"},{"filename":"/opt/airflow/dags/fraud_dags.py","lineno":10,"name":"<module>"}],"is_group":false,"exceptions":[]}]}
{"timestamp":"2026-07-29T11:15:43.131844Z","level":"error","event":"Error loading DAG from fraud_dags.py: No module named 'fraud_detection_main'","logger":"airflow.dag_processing.dagbag.BundleDagBag","filename":"dagbag.py","lineno":319}
{"timestamp":"2026-07-29T11:16:14.301518Z","level":"info","event":"Filling up the DagBag from /opt/airflow/dags/fraud_dags.py","logger":"airflow.dag_processing.dagbag.BundleDagBag","filename":"dagbag.py","lineno":460}
{"timestamp":"2026-07-29T11:16:14.357367Z","level":"error","event":"Failed to import: /opt/airflow/dags/fraud_dags.py","logger":"airflow.dag_processing.importers.python_importer","filename":"python_importer.py","lineno":244,"error_detail":[{"exc_type":"ModuleNotFoundError","exc_value":"No module named 'fraud_detection_main'","exc_notes":[],"syntax_error":null,"is_cause":false,"frames":[{"filename":"/home/airflow/.local/lib/python3.13/site-packages/airflow/dag_processing/importers/python_importer.py","lineno":238,"name":"parse"},{"filename":"<frozen importlib._bootstrap_external>","lineno":1023,"name":"exec_module"},{"filename":"<frozen importlib._bootstrap>","lineno":488,"name":"_call_with_frames_removed"},{"filename":"/opt/airflow/dags/fraud_dags.py","lineno":10,"name":"<module>"}],"is_group":false,"exceptions":[]}]}
{"timestamp":"2026-07-29T11:16:14.366394Z","level":"error","event":"Error loading DAG from fraud_dags.py: No module named 'fraud_detection_main'","logger":"airflow.dag_processing.dagbag.BundleDagBag","filename":"dagbag.py","lineno":319}
{"timestamp":"2026-07-29T11:16:44.817876Z","level":"info","event":"Filling up the DagBag from /opt/airflow/dags/fraud_dags.py","logger":"airflow.dag_processing.dagbag.BundleDagBag","filename":"dagbag.py","lineno":460}
{"timestamp":"2026-07-29T11:16:44.849831Z","level":"error","event":"Failed to import: /opt/airflow/dags/fraud_dags.py","logger":"airflow.dag_processing.importers.python_importer","filename":"python_importer.py","lineno":244,"error_detail":[{"exc_type":"ModuleNotFoundError","exc_value":"No module named 'fraud_detection_main'","exc_notes":[],"syntax_error":null,"is_cause":false,"frames":[{"filename":"/home/airflow/.local/lib/python3.13/site-packages/airflow/dag_processing/importers/python_importer.py","lineno":238,"name":"parse"},{"filename":"<frozen importlib._bootstrap_external>","lineno":1023,"name":"exec_module"},{"filename":"<frozen importlib._bootstrap>","lineno":488,"name":"_call_with_frames_removed"},{"filename":"/opt/airflow/dags/fraud_dags.py","lineno":10,"name":"<module>"}],"is_group":false,"exceptions":[]}]}
{"timestamp":"2026-07-29T11:16:44.854960Z","level":"error","event":"Error loading DAG from fraud_dags.py: No module named 'fraud_detection_main'","logger":"airflow.dag_processing.dagbag.BundleDagBag","filename":"dagbag.py","lineno":319}
{"timestamp":"2026-07-29T11:17:15.325145Z","level":"info","event":"Filling up the DagBag from /opt/airflow/dags/fraud_dags.py","logger":"airflow.dag_processing.dagbag.BundleDagBag","filename":"dagbag.py","lineno":460}
{"timestamp":"2026-07-29T11:17:15.344234Z","level":"error","event":"Failed to import: /opt/airflow/dags/fraud_dags.py","logger":"airflow.dag_processing.importers.python_importer","filename":"python_importer.py","lineno":244,"error_detail":[{"exc_type":"ModuleNotFoundError","exc_value":"No module named 'fraud_detection_main'","exc_notes":[],"syntax_error":null,"is_cause":false,"frames":[{"filename":"/home/airflow/.local/lib/python3.13/site-packages/airflow/dag_processing/importers/python_importer.py","lineno":238,"name":"parse"},{"filename":"<frozen importlib._bootstrap_external>","lineno":1023,"name":"exec_module"},{"filename":"<frozen importlib._bootstrap>","lineno":488,"name":"_call_with_frames_removed"},{"filename":"/opt/airflow/dags/fraud_dags.py","lineno":10,"name":"<module>"}],"is_group":false,"exceptions":[]}]}
{"timestamp":"2026-07-29T11:17:15.347638Z","level":"error","event":"Error loading DAG from fraud_dags.py: No module named 'fraud_detection_main'","logger":"airflow.dag_processing.dagbag.BundleDagBag","filename":"dagbag.py","lineno":319}
{"timestamp":"2026-07-29T11:17:17.473791Z","level":"info","event":"Filling up the DagBag from /opt/airflow/dags/fraud_dags.py","logger":"airflow.dag_processing.dagbag.BundleDagBag","filename":"dagbag.py","lineno":460}
{"timestamp":"2026-07-29T11:17:17.525533Z","level":"error","event":"Failed to import: /opt/airflow/dags/fraud_dags.py","logger":"airflow.dag_processing.importers.python_importer","filename":"python_importer.py","lineno":244,"error_detail":[{"exc_type":"ModuleNotFoundError","exc_value":"No module named 'dags'","exc_notes":[],"syntax_error":null,"is_cause":false,"frames":[{"filename":"/home/airflow/.local/lib/python3.13/site-packages/airflow/dag_processing/importers/python_importer.py","lineno":238,"name":"parse"},{"filename":"<frozen importlib._bootstrap_external>","lineno":1023,"name":"exec_module"},{"filename":"<frozen importlib._bootstrap>","lineno":488,"name":"_call_with_frames_removed"},{"filename":"/opt/airflow/dags/fraud_dags.py","lineno":9,"name":"<module>"}],"is_group":false,"exceptions":[]}]}
{"timestamp":"2026-07-29T11:17:17.534693Z","level":"error","event":"Error loading DAG from fraud_dags.py: No module named 'dags'","logger":"airflow.dag_processing.dagbag.BundleDagBag","filename":"dagbag.py","lineno":319}
{"timestamp":"2026-07-29T11:18:53.932144Z","level":"info","event":"Filling up the DagBag from /opt/airflow/dags/fraud_dags.py","logger":"airflow.dag_processing.dagbag.BundleDagBag","filename":"dagbag.py","lineno":460}
{"timestamp":"2026-07-29T11:18:53.949632Z","level":"error","event":"Failed to import: /opt/airflow/dags/fraud_dags.py","logger":"airflow.dag_processing.importers.python_importer","filename":"python_importer.py","lineno":244,"error_detail":[{"exc_type":"ModuleNotFoundError","exc_value":"No module named 'dags'","exc_notes":[],"syntax_error":null,"is_cause":false,"frames":[{"filename":"/home/airflow/.local/lib/python3.13/site-packages/airflow/dag_processing/importers/python_importer.py","lineno":238,"name":"parse"},{"filename":"<frozen importlib._bootstrap_external>","lineno":1023,"name":"exec_module"},{"filename":"<frozen importlib._bootstrap>","lineno":488,"name":"_call_with_frames_removed"},{"filename":"/opt/airflow/dags/fraud_dags.py","lineno":9,"name":"<module>"}],"is_group":false,"exceptions":[]}]}
{"timestamp":"2026-07-29T11:18:53.954018Z","level":"error","event":"Error loading DAG from fraud_dags.py: No module named 'dags'","logger":"airflow.dag_processing.dagbag.BundleDagBag","filename":"dagbag.py","lineno":319}
{"timestamp":"2026-07-29T11:19:24.398188Z","level":"info","event":"Filling up the DagBag from /opt/airflow/dags/fraud_dags.py","logger":"airflow.dag_processing.dagbag.BundleDagBag","filename":"dagbag.py","lineno":460}
{"timestamp":"2026-07-29T11:19:24.415899Z","level":"error","event":"Failed to import: /opt/airflow/dags/fraud_dags.py","logger":"airflow.dag_processing.importers.python_importer","filename":"python_importer.py","lineno":244,"error_detail":[{"exc_type":"ModuleNotFoundError","exc_value":"No module named 'dags'","exc_notes":[],"syntax_error":null,"is_cause":false,"frames":[{"filename":"/home/airflow/.local/lib/python3.13/site-packages/airflow/dag_processing/importers/python_importer.py","lineno":238,"name":"parse"},{"filename":"<frozen importlib._bootstrap_external>","lineno":1023,"name":"exec_module"},{"filename":"<frozen importlib._bootstrap>","lineno":488,"name":"_call_with_frames_removed"},{"filename":"/opt/airflow/dags/fraud_dags.py","lineno":9,"name":"<module>"}],"is_group":false,"exceptions":[]}]}
{"timestamp":"2026-07-29T11:19:24.420795Z","level":"error","event":"Error loading DAG from fraud_dags.py: No module named 'dags'","logger":"airflow.dag_processing.dagbag.BundleDagBag","filename":"dagbag.py","lineno":319}
{"timestamp":"2026-07-29T11:19:54.975373Z","level":"info","event":"Filling up the DagBag from /opt/airflow/dags/fraud_dags.py","logger":"airflow.dag_processing.dagbag.BundleDagBag","filename":"dagbag.py","lineno":460}
{"timestamp":"2026-07-29T11:19:54.991243Z","level":"error","event":"Failed to import: /opt/airflow/dags/fraud_dags.py","logger":"airflow.dag_processing.importers.python_importer","filename":"python_importer.py","lineno":244,"error_detail":[{"exc_type":"ModuleNotFoundError","exc_value":"No module named 'dags'","exc_notes":[],"syntax_error":null,"is_cause":false,"frames":[{"filename":"/home/airflow/.local/lib/python3.13/site-packages/airflow/dag_processing/importers/python_importer.py","lineno":238,"name":"parse"},{"filename":"<frozen importlib._bootstrap_external>","lineno":1023,"name":"exec_module"},{"filename":"<frozen importlib._bootstrap>","lineno":488,"name":"_call_with_frames_removed"},{"filename":"/opt/airflow/dags/fraud_dags.py","lineno":9,"name":"<module>"}],"is_group":false,"exceptions":[]}]}
{"timestamp":"2026-07-29T11:19:54.996810Z","level":"error","event":"Error loading DAG from fraud_dags.py: No module named 'dags'","logger":"airflow.dag_processing.dagbag.BundleDagBag","filename":"dagbag.py","lineno":319}
{"timestamp":"2026-07-29T11:20:25.466355Z","level":"info","event":"Filling up the DagBag from /opt/airflow/dags/fraud_dags.py","logger":"airflow.dag_processing.dagbag.BundleDagBag","filename":"dagbag.py","lineno":460}
{"timestamp":"2026-07-29T11:20:25.479190Z","level":"error","event":"Failed to import: /opt/airflow/dags/fraud_dags.py","logger":"airflow.dag_processing.importers.python_importer","filename":"python_importer.py","lineno":244,"error_detail":[{"exc_type":"ModuleNotFoundError","exc_value":"No module named 'dags'","exc_notes":[],"syntax_error":null,"is_cause":false,"frames":[{"filename":"/home/airflow/.local/lib/python3.13/site-packages/airflow/dag_processing/importers/python_importer.py","lineno":238,"name":"parse"},{"filename":"<frozen importlib._bootstrap_external>","lineno":1023,"name":"exec_module"},{"filename":"<frozen importlib._bootstrap>","lineno":488,"name":"_call_with_frames_removed"},{"filename":"/opt/airflow/dags/fraud_dags.py","lineno":9,"name":"<module>"}],"is_group":false,"exceptions":[]}]}
{"timestamp":"2026-07-29T11:20:25.483448Z","level":"error","event":"Error loading DAG from fraud_dags.py: No module named 'dags'","logger":"airflow.dag_processing.dagbag.BundleDagBag","filename":"dagbag.py","lineno":319}
{"timestamp":"2026-07-29T11:20:55.966223Z","level":"info","event":"Filling up the DagBag from /opt/airflow/dags/fraud_dags.py","logger":"airflow.dag_processing.dagbag.BundleDagBag","filename":"dagbag.py","lineno":460}
{"timestamp":"2026-07-29T11:20:55.980271Z","level":"error","event":"Failed to import: /opt/airflow/dags/fraud_dags.py","logger":"airflow.dag_processing.importers.python_importer","filename":"python_importer.py","lineno":244,"error_detail":[{"exc_type":"ModuleNotFoundError","exc_value":"No module named 'dags'","exc_notes":[],"syntax_error":null,"is_cause":false,"frames":[{"filename":"/home/airflow/.local/lib/python3.13/site-packages/airflow/dag_processing/importers/python_importer.py","lineno":238,"name":"parse"},{"filename":"<frozen importlib._bootstrap_external>","lineno":1023,"name":"exec_module"},{"filename":"<frozen importlib._bootstrap>","lineno":488,"name":"_call_with_frames_removed"},{"filename":"/opt/airflow/dags/fraud_dags.py","lineno":9,"name":"<module>"}],"is_group":false,"exceptions":[]}]}
{"timestamp":"2026-07-29T11:20:55.984166Z","level":"error","event":"Error loading DAG from fraud_dags.py: No module named 'dags'","logger":"airflow.dag_processing.dagbag.BundleDagBag","filename":"dagbag.py","lineno":319}
{"timestamp":"2026-07-29T11:21:26.436939Z","level":"info","event":"Filling up the DagBag from /opt/airflow/dags/fraud_dags.py","logger":"airflow.dag_processing.dagbag.BundleDagBag","filename":"dagbag.py","lineno":460}
{"timestamp":"2026-07-29T11:21:26.463108Z","level":"error","event":"Failed to import: /opt/airflow/dags/fraud_dags.py","logger":"airflow.dag_processing.importers.python_importer","filename":"python_importer.py","lineno":244,"error_detail":[{"exc_type":"ModuleNotFoundError","exc_value":"No module named 'dags'","exc_notes":[],"syntax_error":null,"is_cause":false,"frames":[{"filename":"/home/airflow/.local/lib/python3.13/site-packages/airflow/dag_processing/importers/python_importer.py","lineno":238,"name":"parse"},{"filename":"<frozen importlib._bootstrap_external>","lineno":1023,"name":"exec_module"},{"filename":"<frozen importlib._bootstrap>","lineno":488,"name":"_call_with_frames_removed"},{"filename":"/opt/airflow/dags/fraud_dags.py","lineno":9,"name":"<module>"}],"is_group":false,"exceptions":[]}]}
{"timestamp":"2026-07-29T11:21:26.469514Z","level":"error","event":"Error loading DAG from fraud_dags.py: No module named 'dags'","logger":"airflow.dag_processing.dagbag.BundleDagBag","filename":"dagbag.py","lineno":319}
{"timestamp":"2026-07-29T11:21:56.961255Z","level":"info","event":"Filling up the DagBag from /opt/airflow/dags/fraud_dags.py","logger":"airflow.dag_processing.dagbag.BundleDagBag","filename":"dagbag.py","lineno":460}
{"timestamp":"2026-07-29T11:21:56.975557Z","level":"error","event":"Failed to import: /opt/airflow/dags/fraud_dags.py","logger":"airflow.dag_processing.importers.python_importer","filename":"python_importer.py","lineno":244,"error_detail":[{"exc_type":"ModuleNotFoundError","exc_value":"No module named 'dags'","exc_notes":[],"syntax_error":null,"is_cause":false,"frames":[{"filename":"/home/airflow/.local/lib/python3.13/site-packages/airflow/dag_processing/importers/python_importer.py","lineno":238,"name":"parse"},{"filename":"<frozen importlib._bootstrap_external>","lineno":1023,"name":"exec_module"},{"filename":"<frozen importlib._bootstrap>","lineno":488,"name":"_call_with_frames_removed"},{"filename":"/opt/airflow/dags/fraud_dags.py","lineno":9,"name":"<module>"}],"is_group":false,"exceptions":[]}]}
{"timestamp":"2026-07-29T11:21:56.979481Z","level":"error","event":"Error loading DAG from fraud_dags.py: No module named 'dags'","logger":"airflow.dag_processing.dagbag.BundleDagBag","filename":"dagbag.py","lineno":319}
{"timestamp":"2026-07-29T11:22:27.517119Z","level":"info","event":"Filling up the DagBag from /opt/airflow/dags/fraud_dags.py","logger":"airflow.dag_processing.dagbag.BundleDagBag","filename":"dagbag.py","lineno":460}
{"timestamp":"2026-07-29T11:22:27.533875Z","level":"error","event":"Failed to import: /opt/airflow/dags/fraud_dags.py","logger":"airflow.dag_processing.importers.python_importer","filename":"python_importer.py","lineno":244,"error_detail":[{"exc_type":"ModuleNotFoundError","exc_value":"No module named 'dags'","exc_notes":[],"syntax_error":null,"is_cause":false,"frames":[{"filename":"/home/airflow/.local/lib/python3.13/site-packages/airflow/dag_processing/importers/python_importer.py","lineno":238,"name":"parse"},{"filename":"<frozen importlib._bootstrap_external>","lineno":1023,"name":"exec_module"},{"filename":"<frozen importlib._bootstrap>","lineno":488,"name":"_call_with_frames_removed"},{"filename":"/opt/airflow/dags/fraud_dags.py","lineno":9,"name":"<module>"}],"is_group":false,"exceptions":[]}]}
{"timestamp":"2026-07-29T11:22:27.538519Z","level":"error","event":"Error loading DAG from fraud_dags.py: No module named 'dags'","logger":"airflow.dag_processing.dagbag.BundleDagBag","filename":"dagbag.py","lineno":319}
{"timestamp":"2026-07-29T11:22:57.948264Z","level":"info","event":"Filling up the DagBag from /opt/airflow/dags/fraud_dags.py","logger":"airflow.dag_processing.dagbag.BundleDagBag","filename":"dagbag.py","lineno":460}
{"timestamp":"2026-07-29T11:22:57.967267Z","level":"error","event":"Failed to import: /opt/airflow/dags/fraud_dags.py","logger":"airflow.dag_processing.importers.python_importer","filename":"python_importer.py","lineno":244,"error_detail":[{"exc_type":"ModuleNotFoundError","exc_value":"No module named 'dags'","exc_notes":[],"syntax_error":null,"is_cause":false,"frames":[{"filename":"/home/airflow/.local/lib/python3.13/site-packages/airflow/dag_processing/importers/python_importer.py","lineno":238,"name":"parse"},{"filename":"<frozen importlib._bootstrap_external>","lineno":1023,"name":"exec_module"},{"filename":"<frozen importlib._bootstrap>","lineno":488,"name":"_call_with_frames_removed"},{"filename":"/opt/airflow/dags/fraud_dags.py","lineno":9,"name":"<module>"}],"is_group":false,"exceptions":[]}]}
{"timestamp":"2026-07-29T11:22:57.970791Z","level":"error","event":"Error loading DAG from fraud_dags.py: No module named 'dags'","logger":"airflow.dag_processing.dagbag.BundleDagBag","filename":"dagbag.py","lineno":319}
{"timestamp":"2026-07-29T11:23:00.154220Z","level":"info","event":"Filling up the DagBag from /opt/airflow/dags/fraud_dags.py","logger":"airflow.dag_processing.dagbag.BundleDagBag","filename":"dagbag.py","lineno":460}
{"timestamp":"2026-07-29T11:23:05.164712Z","level":"error","event":"\u001b[32m2026-07-29 11:23:05,164 - INFO - Connecting to MinIO at http://minio:9000\u001b[0m","logger":"dag_processor.stderr"}
{"timestamp":"2026-07-29T11:23:05.164489Z","level":"info","event":"Connecting to MinIO at http://minio:9000","logger":"FraudDetector","filename":"main.py","lineno":159}
{"timestamp":"2026-07-29T11:23:05.244348Z","level":"error","event":"\u001b[32m2026-07-29 11:23:05,244 - INFO - Bucket 'my-bucket' already exists\u001b[0m","logger":"dag_processor.stderr"}
{"timestamp":"2026-07-29T11:23:05.244248Z","level":"info","event":"Bucket 'my-bucket' already exists","logger":"FraudDetector","filename":"main.py","lineno":178}
{"timestamp":"2026-07-29T11:23:11.503806Z","level":"info","event":"Filling up the DagBag from /opt/airflow/dags/fraud_dags.py","logger":"airflow.dag_processing.dagbag.BundleDagBag","filename":"dagbag.py","lineno":460}
{"timestamp":"2026-07-29T11:23:12.880035Z","level":"error","event":"\u001b[32m2026-07-29 11:23:12,879 - INFO - Connecting to MinIO at http://minio:9000\u001b[0m","logger":"dag_processor.stderr"}
{"timestamp":"2026-07-29T11:23:12.879627Z","level":"info","event":"Connecting to MinIO at http://minio:9000","logger":"FraudDetector","filename":"main.py","lineno":159}
{"timestamp":"2026-07-29T11:23:12.963321Z","level":"error","event":"\u001b[32m2026-07-29 11:23:12,963 - INFO - Bucket 'my-bucket' already exists\u001b[0m","logger":"dag_processor.stderr"}
{"timestamp":"2026-07-29T11:23:12.963266Z","level":"info","event":"Bucket 'my-bucket' already exists","logger":"FraudDetector","filename":"main.py","lineno":178}
{"timestamp":"2026-07-29T11:23:16.174764Z","level":"info","event":"Filling up the DagBag from /opt/airflow/dags/fraud_dags.py","logger":"airflow.dag_processing.dagbag.BundleDagBag","filename":"dagbag.py","lineno":460}
{"timestamp":"2026-07-29T11:23:17.854364Z","level":"error","event":"\u001b[32m2026-07-29 11:23:17,854 - INFO - Connecting to MinIO at http://minio:9000\u001b[0m","logger":"dag_processor.stderr"}
{"timestamp":"2026-07-29T11:23:17.854265Z","level":"info","event":"Connecting to MinIO at http://minio:9000","logger":"FraudDetector","filename":"main.py","lineno":159}
{"timestamp":"2026-07-29T11:23:17.938140Z","level":"error","event":"\u001b[32m2026-07-29 11:23:17,937 - INFO - Bucket 'my-bucket' already exists\u001b[0m","logger":"dag_processor.stderr"}
{"timestamp":"2026-07-29T11:23:17.938089Z","level":"info","event":"Bucket 'my-bucket' already exists","logger":"FraudDetector","filename":"main.py","lineno":178}
{"timestamp":"2026-07-29T11:23:48.377369Z","level":"info","event":"Filling up the DagBag from /opt/airflow/dags/fraud_dags.py","logger":"airflow.dag_processing.dagbag.BundleDagBag","filename":"dagbag.py","lineno":460}
{"timestamp":"2026-07-29T11:23:49.820911Z","level":"error","event":"\u001b[32m2026-07-29 11:23:49,820 - INFO - Connecting to MinIO at http://minio:9000\u001b[0m","logger":"dag_processor.stderr"}
{"timestamp":"2026-07-29T11:23:49.820692Z","level":"info","event":"Connecting to MinIO at http://minio:9000","logger":"FraudDetector","filename":"main.py","lineno":159}
{"timestamp":"2026-07-29T11:23:49.922248Z","level":"error","event":"\u001b[32m2026-07-29 11:23:49,922 - INFO - Bucket 'my-bucket' already exists\u001b[0m","logger":"dag_processor.stderr"}
{"timestamp":"2026-07-29T11:23:49.922187Z","level":"info","event":"Bucket 'my-bucket' already exists","logger":"FraudDetector","filename":"main.py","lineno":178}
{"timestamp":"2026-07-29T11:24:20.486815Z","level":"info","event":"Filling up the DagBag from /opt/airflow/dags/fraud_dags.py","logger":"airflow.dag_processing.dagbag.BundleDagBag","filename":"dagbag.py","lineno":460}
{"timestamp":"2026-07-29T11:24:21.861908Z","level":"error","event":"\u001b[32m2026-07-29 11:24:21,861 - INFO - Connecting to MinIO at http://minio:9000\u001b[0m","logger":"dag_processor.stderr"}
{"timestamp":"2026-07-29T11:24:21.861775Z","level":"info","event":"Connecting to MinIO at http://minio:9000","logger":"FraudDetector","filename":"main.py","lineno":159}
{"timestamp":"2026-07-29T11:24:21.934612Z","level":"error","event":"\u001b[32m2026-07-29 11:24:21,934 - INFO - Bucket 'my-bucket' already exists\u001b[0m","logger":"dag_processor.stderr"}
{"timestamp":"2026-07-29T11:24:21.934517Z","level":"info","event":"Bucket 'my-bucket' already exists","logger":"FraudDetector","filename":"main.py","lineno":178}
{"timestamp":"2026-07-29T11:24:52.444601Z","level":"info","event":"Filling up the DagBag from /opt/airflow/dags/fraud_dags.py","logger":"airflow.dag_processing.dagbag.BundleDagBag","filename":"dagbag.py","lineno":460}
{"timestamp":"2026-07-29T11:24:53.759545Z","level":"error","event":"\u001b[32m2026-07-29 11:24:53,759 - INFO - Connecting to MinIO at http://minio:9000\u001b[0m","logger":"dag_processor.stderr"}
{"timestamp":"2026-07-29T11:24:53.759371Z","level":"info","event":"Connecting to MinIO at http://minio:9000","logger":"FraudDetector","filename":"main.py","lineno":159}
{"timestamp":"2026-07-29T11:24:53.827604Z","level":"error","event":"\u001b[32m2026-07-29 11:24:53,827 - INFO - Bucket 'my-bucket' already exists\u001b[0m","logger":"dag_processor.stderr"}
{"timestamp":"2026-07-29T11:24:53.827524Z","level":"info","event":"Bucket 'my-bucket' already exists","logger":"FraudDetector","filename":"main.py","lineno":178}
{"timestamp":"2026-07-29T11:25:24.386772Z","level":"info","event":"Filling up the DagBag from /opt/airflow/dags/fraud_dags.py","logger":"airflow.dag_processing.dagbag.BundleDagBag","filename":"dagbag.py","lineno":460}
{"timestamp":"2026-07-29T11:25:25.786969Z","level":"error","event":"\u001b[32m2026-07-29 11:25:25,786 - INFO - Connecting to MinIO at http://minio:9000\u001b[0m","logger":"dag_processor.stderr"}
{"timestamp":"2026-07-29T11:25:25.786805Z","level":"info","event":"Connecting to MinIO at http://minio:9000","logger":"FraudDetector","filename":"main.py","lineno":159}
{"timestamp":"2026-07-29T11:25:25.848480Z","level":"error","event":"\u001b[32m2026-07-29 11:25:25,848 - INFO - Bucket 'my-bucket' already exists\u001b[0m","logger":"dag_processor.stderr"}
{"timestamp":"2026-07-29T11:25:25.848378Z","level":"info","event":"Bucket 'my-bucket' already exists","logger":"FraudDetector","filename":"main.py","lineno":178}
{"timestamp":"2026-07-29T11:25:56.015788Z","level":"info","event":"Filling up the DagBag from /opt/airflow/dags/fraud_dags.py","logger":"airflow.dag_processing.dagbag.BundleDagBag","filename":"dagbag.py","lineno":460}
{"timestamp":"2026-07-29T11:26:01.792348Z","level":"error","event":"\u001b[32m2026-07-29 11:26:01,789 - INFO - Connecting to MinIO at http://minio:9000\u001b[0m","logger":"dag_processor.stderr"}
{"timestamp":"2026-07-29T11:26:01.790591Z","level":"info","event":"Connecting to MinIO at http://minio:9000","logger":"FraudDetector","filename":"main.py","lineno":159}
{"timestamp":"2026-07-29T11:26:02.073014Z","level":"error","event":"\u001b[32m2026-07-29 11:26:02,072 - INFO - Bucket 'my-bucket' already exists\u001b[0m","logger":"dag_processor.stderr"}
{"timestamp":"2026-07-29T11:26:02.072953Z","level":"info","event":"Bucket 'my-bucket' already exists","logger":"FraudDetector","filename":"main.py","lineno":178}
{"timestamp":"2026-07-29T11:26:37.308152Z","level":"info","event":"Filling up the DagBag from /opt/airflow/dags/fraud_dags.py","logger":"airflow.dag_processing.dagbag.BundleDagBag","filename":"dagbag.py","lineno":460}
{"timestamp":"2026-07-29T11:26:41.029531Z","level":"error","event":"Failed to import: /opt/airflow/dags/fraud_dags.py","logger":"airflow.dag_processing.importers.python_importer","filename":"python_importer.py","lineno":244,"error_detail":[{"exc_type":"OSError","exc_value":"[Errno 12] Cannot allocate memory: '/opt/airflow/dags'","exc_notes":[],"syntax_error":null,"is_cause":false,"frames":[{"filename":"/home/airflow/.local/lib/python3.13/site-packages/airflow/dag_processing/importers/python_importer.py","lineno":238,"name":"parse"},{"filename":"<frozen importlib._bootstrap_external>","lineno":1023,"name":"exec_module"},{"filename":"<frozen importlib._bootstrap>","lineno":488,"name":"_call_with_frames_removed"},{"filename":"/opt/airflow/dags/fraud_dags.py","lineno":9,"name":"<module>"},{"filename":"<frozen importlib._bootstrap>","lineno":1360,"name":"_find_and_load"},{"filename":"<frozen importlib._bootstrap>","lineno":1322,"name":"_find_and_load_unlocked"},{"filename":"<frozen importlib._bootstrap>","lineno":1262,"name":"_find_spec"},{"filename":"<frozen importlib._bootstrap_external>","lineno":1556,"name":"find_spec"},{"filename":"<frozen importlib._bootstrap_external>","lineno":1530,"name":"_get_spec"},{"filename":"<frozen importlib._bootstrap_external>","lineno":1633,"name":"find_spec"},{"filename":"<frozen importlib._bootstrap_external>","lineno":1676,"name":"_fill_cache"}],"is_group":false,"exceptions":[]}]}
{"timestamp":"2026-07-29T11:26:41.452780Z","level":"error","event":"Error loading DAG from fraud_dags.py: [Errno 12] Cannot allocate memory: '/opt/airflow/dags'","logger":"airflow.dag_processing.dagbag.BundleDagBag","filename":"dagbag.py","lineno":319}
{"timestamp":"2026-07-29T11:32:52.853368Z","level":"info","event":"Filling up the DagBag from /opt/airflow/dags/fraud_dags.py","logger":"airflow.dag_processing.dagbag.BundleDagBag","filename":"dagbag.py","lineno":460}
{"timestamp":"2026-07-29T11:32:59.033158Z","level":"error","event":"\u001b[32m2026-07-29 11:32:59,032 - INFO - Connecting to MinIO at http://minio:9000\u001b[0m","logger":"dag_processor.stderr"}
{"timestamp":"2026-07-29T11:32:59.033065Z","level":"info","event":"Connecting to MinIO at http://minio:9000","logger":"FraudDetector","filename":"main.py","lineno":159}
{"timestamp":"2026-07-29T11:32:59.248070Z","level":"error","event":"\u001b[32m2026-07-29 11:32:59,247 - INFO - Bucket 'my-bucket' already exists\u001b[0m","logger":"dag_processor.stderr"}
{"timestamp":"2026-07-29T11:32:59.248028Z","level":"info","event":"Bucket 'my-bucket' already exists","logger":"FraudDetector","filename":"main.py","lineno":178}
{"timestamp":"2026-07-29T11:33:29.457978Z","level":"info","event":"Filling up the DagBag from /opt/airflow/dags/fraud_dags.py","logger":"airflow.dag_processing.dagbag.BundleDagBag","filename":"dagbag.py","lineno":460}
{"timestamp":"2026-07-29T11:33:31.171253Z","level":"error","event":"\u001b[32m2026-07-29 11:33:31,170 - INFO - Connecting to MinIO at http://minio:9000\u001b[0m","logger":"dag_processor.stderr"}
{"timestamp":"2026-07-29T11:33:31.171076Z","level":"info","event":"Connecting to MinIO at http://minio:9000","logger":"FraudDetector","filename":"main.py","lineno":159}
{"timestamp":"2026-07-29T11:33:31.252696Z","level":"error","event":"\u001b[32m2026-07-29 11:33:31,252 - INFO - Bucket 'my-bucket' already exists\u001b[0m","logger":"dag_processor.stderr"}
{"timestamp":"2026-07-29T11:33:31.252645Z","level":"info","event":"Bucket 'my-bucket' already exists","logger":"FraudDetector","filename":"main.py","lineno":178}
{"timestamp":"2026-07-29T11:34:13.631041Z","level":"info","event":"Filling up the DagBag from /opt/airflow/dags/fraud_dags.py","logger":"airflow.dag_processing.dagbag.BundleDagBag","filename":"dagbag.py","lineno":460}
{"timestamp":"2026-07-29T11:34:20.211111Z","level":"error","event":"\u001b[32m2026-07-29 11:34:20,210 - INFO - Connecting to MinIO at http://minio:9000\u001b[0m","logger":"dag_processor.stderr"}
{"timestamp":"2026-07-29T11:34:20.211035Z","level":"info","event":"Connecting to MinIO at http://minio:9000","logger":"FraudDetector","filename":"main.py","lineno":159}
{"timestamp":"2026-07-29T11:34:20.623036Z","level":"error","event":"\u001b[32m2026-07-29 11:34:20,622 - INFO - Bucket 'my-bucket' already exists\u001b[0m","logger":"dag_processor.stderr"}
{"timestamp":"2026-07-29T11:34:20.622991Z","level":"info","event":"Bucket 'my-bucket' already exists","logger":"FraudDetector","filename":"main.py","lineno":178}
{"timestamp":"2026-07-29T11:38:55.128627Z","level":"info","event":"Filling up the DagBag from /opt/airflow/dags/fraud_dags.py","logger":"airflow.dag_processing.dagbag.BundleDagBag","filename":"dagbag.py","lineno":460}
{"timestamp":"2026-07-29T11:39:00.944025Z","level":"error","event":"\u001b[32m2026-07-29 11:39:00,937 - INFO - Connecting to MinIO at http://minio:9000\u001b[0m","logger":"dag_processor.stderr"}
{"timestamp":"2026-07-29T11:39:00.938279Z","level":"info","event":"Connecting to MinIO at http://minio:9000","logger":"FraudDetector","filename":"main.py","lineno":159}
{"timestamp":"2026-07-29T11:39:01.227038Z","level":"error","event":"\u001b[32m2026-07-29 11:39:01,226 - INFO - Bucket 'my-bucket' already exists\u001b[0m","logger":"dag_processor.stderr"}
{"timestamp":"2026-07-29T11:39:01.226986Z","level":"info","event":"Bucket 'my-bucket' already exists","logger":"FraudDetector","filename":"main.py","lineno":178}
{"timestamp":"2026-07-29T11:39:31.746210Z","level":"info","event":"Filling up the DagBag from /opt/airflow/dags/fraud_dags.py","logger":"airflow.dag_processing.dagbag.BundleDagBag","filename":"dagbag.py","lineno":460}
{"timestamp":"2026-07-29T11:39:33.132985Z","level":"error","event":"\u001b[32m2026-07-29 11:39:33,132 - INFO - Connecting to MinIO at http://minio:9000\u001b[0m","logger":"dag_processor.stderr"}
{"timestamp":"2026-07-29T11:39:33.132830Z","level":"info","event":"Connecting to MinIO at http://minio:9000","logger":"FraudDetector","filename":"main.py","lineno":159}
{"timestamp":"2026-07-29T11:39:33.208066Z","level":"error","event":"\u001b[32m2026-07-29 11:39:33,207 - INFO - Bucket 'my-bucket' already exists\u001b[0m","logger":"dag_processor.stderr"}
{"timestamp":"2026-07-29T11:39:33.208020Z","level":"info","event":"Bucket 'my-bucket' already exists","logger":"FraudDetector","filename":"main.py","lineno":178}
{"timestamp":"2026-07-29T11:43:40.362865Z","level":"info","event":"Filling up the DagBag from /opt/airflow/dags/fraud_dags.py","logger":"airflow.dag_processing.dagbag.BundleDagBag","filename":"dagbag.py","lineno":460}
{"timestamp":"2026-07-29T11:43:44.094930Z","level":"info","event":"Filling up the DagBag from /opt/airflow/dags/fraud_dags.py","logger":"airflow.dag_processing.dagbag.BundleDagBag","filename":"dagbag.py","lineno":460}
{"timestamp":"2026-07-29T11:43:49.733221Z","level":"error","event":"\u001b[32m2026-07-29 11:43:49,732 - INFO - Connecting to MinIO at http://minio:9000\u001b[0m","logger":"dag_processor.stderr"}
{"timestamp":"2026-07-29T11:43:49.733103Z","level":"info","event":"Connecting to MinIO at http://minio:9000","logger":"FraudDetector","filename":"main.py","lineno":159}
{"timestamp":"2026-07-29T11:43:49.809723Z","level":"error","event":"\u001b[32m2026-07-29 11:43:49,809 - INFO - Bucket 'my-bucket' already exists\u001b[0m","logger":"dag_processor.stderr"}
{"timestamp":"2026-07-29T11:43:49.809641Z","level":"info","event":"Bucket 'my-bucket' already exists","logger":"FraudDetector","filename":"main.py","lineno":178}
{"timestamp":"2026-07-29T11:43:53.954852Z","level":"info","event":"Filling up the DagBag from /opt/airflow/dags/fraud_dags.py","logger":"airflow.dag_processing.dagbag.BundleDagBag","filename":"dagbag.py","lineno":460}
{"timestamp":"2026-07-29T11:43:55.176446Z","level":"error","event":"\u001b[32m2026-07-29 11:43:55,176 - INFO - Connecting to MinIO at http://minio:9000\u001b[0m","logger":"dag_processor.stderr"}
{"timestamp":"2026-07-29T11:43:55.176324Z","level":"info","event":"Connecting to MinIO at http://minio:9000","logger":"FraudDetector","filename":"main.py","lineno":159}
{"timestamp":"2026-07-29T11:43:55.235452Z","level":"error","event":"\u001b[32m2026-07-29 11:43:55,235 - INFO - Bucket 'my-bucket' already exists\u001b[0m","logger":"dag_processor.stderr"}
{"timestamp":"2026-07-29T11:43:55.235418Z","level":"info","event":"Bucket 'my-bucket' already exists","logger":"FraudDetector","filename":"main.py","lineno":178}
{"timestamp":"2026-07-29T11:43:59.622170Z","level":"info","event":"Filling up the DagBag from /opt/airflow/dags/fraud_dags.py","logger":"airflow.dag_processing.dagbag.BundleDagBag","filename":"dagbag.py","lineno":460}
{"timestamp":"2026-07-29T11:44:01.079288Z","level":"error","event":"\u001b[32m2026-07-29 11:44:01,078 - INFO - Connecting to MinIO at http://minio:9000\u001b[0m","logger":"dag_processor.stderr"}
{"timestamp":"2026-07-29T11:44:01.079148Z","level":"info","event":"Connecting to MinIO at http://minio:9000","logger":"FraudDetector","filename":"main.py","lineno":159}
{"timestamp":"2026-07-29T11:44:01.150534Z","level":"error","event":"\u001b[32m2026-07-29 11:44:01,150 - INFO - Bucket 'my-bucket' already exists\u001b[0m","logger":"dag_processor.stderr"}
{"timestamp":"2026-07-29T11:44:01.150479Z","level":"info","event":"Bucket 'my-bucket' already exists","logger":"FraudDetector","filename":"main.py","lineno":178}
{"timestamp":"2026-07-29T11:44:31.617521Z","level":"info","event":"Filling up the DagBag from /opt/airflow/dags/fraud_dags.py","logger":"airflow.dag_processing.dagbag.BundleDagBag","filename":"dagbag.py","lineno":460}
{"timestamp":"2026-07-29T11:44:33.358909Z","level":"error","event":"\u001b[32m2026-07-29 11:44:33,358 - INFO - Connecting to MinIO at http://minio:9000\u001b[0m","logger":"dag_processor.stderr"}
{"timestamp":"2026-07-29T11:44:33.358746Z","level":"info","event":"Connecting to MinIO at http://minio:9000","logger":"FraudDetector","filename":"main.py","lineno":159}
{"timestamp":"2026-07-29T11:44:33.463261Z","level":"error","event":"\u001b[32m2026-07-29 11:44:33,463 - INFO - Bucket 'my-bucket' already exists\u001b[0m","logger":"dag_processor.stderr"}
{"timestamp":"2026-07-29T11:44:33.463194Z","level":"info","event":"Bucket 'my-bucket' already exists","logger":"FraudDetector","filename":"main.py","lineno":178}
{"timestamp":"2026-07-29T11:45:03.835198Z","level":"info","event":"Filling up the DagBag from /opt/airflow/dags/fraud_dags.py","logger":"airflow.dag_processing.dagbag.BundleDagBag","filename":"dagbag.py","lineno":460}
{"timestamp":"2026-07-29T11:45:05.106502Z","level":"error","event":"\u001b[32m2026-07-29 11:45:05,105 - INFO - Connecting to MinIO at http://minio:9000\u001b[0m","logger":"dag_processor.stderr"}
{"timestamp":"2026-07-29T11:45:05.106138Z","level":"info","event":"Connecting to MinIO at http://minio:9000","logger":"FraudDetector","filename":"main.py","lineno":159}
{"timestamp":"2026-07-29T11:45:05.169548Z","level":"error","event":"\u001b[32m2026-07-29 11:45:05,169 - INFO - Bucket 'my-bucket' already exists\u001b[0m","logger":"dag_processor.stderr"}
{"timestamp":"2026-07-29T11:45:05.169467Z","level":"info","event":"Bucket 'my-bucket' already exists","logger":"FraudDetector","filename":"main.py","lineno":178}
{"timestamp":"2026-07-29T11:45:35.532365Z","level":"info","event":"Filling up the DagBag from /opt/airflow/dags/fraud_dags.py","logger":"airflow.dag_processing.dagbag.BundleDagBag","filename":"dagbag.py","lineno":460}
{"timestamp":"2026-07-29T11:45:36.775097Z","level":"error","event":"\u001b[32m2026-07-29 11:45:36,774 - INFO - Connecting to MinIO at http://minio:9000\u001b[0m","logger":"dag_processor.stderr"}
{"timestamp":"2026-07-29T11:45:36.774972Z","level":"info","event":"Connecting to MinIO at http://minio:9000","logger":"FraudDetector","filename":"main.py","lineno":159}
{"timestamp":"2026-07-29T11:45:36.844027Z","level":"error","event":"\u001b[32m2026-07-29 11:45:36,843 - INFO - Bucket 'my-bucket' already exists\u001b[0m","logger":"dag_processor.stderr"}
{"timestamp":"2026-07-29T11:45:36.843855Z","level":"info","event":"Bucket 'my-bucket' already exists","logger":"FraudDetector","filename":"main.py","lineno":178}
{"timestamp":"2026-07-29T11:46:07.204657Z","level":"info","event":"Filling up the DagBag from /opt/airflow/dags/fraud_dags.py","logger":"airflow.dag_processing.dagbag.BundleDagBag","filename":"dagbag.py","lineno":460}
{"timestamp":"2026-07-29T11:46:08.416208Z","level":"error","event":"\u001b[32m2026-07-29 11:46:08,415 - INFO - Connecting to MinIO at http://minio:9000\u001b[0m","logger":"dag_processor.stderr"}
{"timestamp":"2026-07-29T11:46:08.416103Z","level":"info","event":"Connecting to MinIO at http://minio:9000","logger":"FraudDetector","filename":"main.py","lineno":159}
{"timestamp":"2026-07-29T11:46:08.484728Z","level":"error","event":"\u001b[32m2026-07-29 11:46:08,484 - INFO - Bucket 'my-bucket' already exists\u001b[0m","logger":"dag_processor.stderr"}
{"timestamp":"2026-07-29T11:46:08.484647Z","level":"info","event":"Bucket 'my-bucket' already exists","logger":"FraudDetector","filename":"main.py","lineno":178}
{"timestamp":"2026-07-29T11:46:38.842328Z","level":"info","event":"Filling up the DagBag from /opt/airflow/dags/fraud_dags.py","logger":"airflow.dag_processing.dagbag.BundleDagBag","filename":"dagbag.py","lineno":460}
{"timestamp":"2026-07-29T11:46:40.178871Z","level":"error","event":"\u001b[32m2026-07-29 11:46:40,178 - INFO - Connecting to MinIO at http://minio:9000\u001b[0m","logger":"dag_processor.stderr"}
{"timestamp":"2026-07-29T11:46:40.178694Z","level":"info","event":"Connecting to MinIO at http://minio:9000","logger":"FraudDetector","filename":"main.py","lineno":159}
{"timestamp":"2026-07-29T11:46:40.253989Z","level":"error","event":"\u001b[32m2026-07-29 11:46:40,253 - INFO - Bucket 'my-bucket' already exists\u001b[0m","logger":"dag_processor.stderr"}
{"timestamp":"2026-07-29T11:46:40.253908Z","level":"info","event":"Bucket 'my-bucket' already exists","logger":"FraudDetector","filename":"main.py","lineno":178}
{"timestamp":"2026-07-29T11:47:10.594996Z","level":"info","event":"Filling up the DagBag from /opt/airflow/dags/fraud_dags.py","logger":"airflow.dag_processing.dagbag.BundleDagBag","filename":"dagbag.py","lineno":460}
{"timestamp":"2026-07-29T11:47:11.891974Z","level":"error","event":"\u001b[32m2026-07-29 11:47:11,891 - INFO - Connecting to MinIO at http://minio:9000\u001b[0m","logger":"dag_processor.stderr"}
{"timestamp":"2026-07-29T11:47:11.891865Z","level":"info","event":"Connecting to MinIO at http://minio:9000","logger":"FraudDetector","filename":"main.py","lineno":159}
{"timestamp":"2026-07-29T11:47:11.958088Z","level":"error","event":"\u001b[32m2026-07-29 11:47:11,957 - INFO - Bucket 'my-bucket' already exists\u001b[0m","logger":"dag_processor.stderr"}
{"timestamp":"2026-07-29T11:47:11.957960Z","level":"info","event":"Bucket 'my-bucket' already exists","logger":"FraudDetector","filename":"main.py","lineno":178}
{"timestamp":"2026-07-29T12:02:35.388611Z","level":"info","event":"Filling up the DagBag from /opt/airflow/dags/fraud_dags.py","logger":"airflow.dag_processing.dagbag.BundleDagBag","filename":"dagbag.py","lineno":460}
{"timestamp":"2026-07-29T15:16:58.758331Z","level":"error","event":"\u001b[32m2026-07-29 15:16:55,901 - INFO - Connecting to MinIO at http://minio:9000\u001b[0m","logger":"dag_processor.stderr"}
{"timestamp":"2026-07-29T15:16:58.799149Z","level":"error","event":"\u001b[32m2026-07-29 15:16:56,476 - INFO - Bucket 'my-bucket' already exists\u001b[0m","logger":"dag_processor.stderr"}
{"timestamp":"2026-07-29T15:16:55.903138Z","level":"info","event":"Connecting to MinIO at http://minio:9000","logger":"FraudDetector","filename":"main.py","lineno":159}
{"timestamp":"2026-07-29T15:16:56.476459Z","level":"info","event":"Bucket 'my-bucket' already exists","logger":"FraudDetector","filename":"main.py","lineno":178}
{"timestamp":"2026-07-29T15:17:29.400526Z","level":"info","event":"Filling up the DagBag from /opt/airflow/dags/fraud_dags.py","logger":"airflow.dag_processing.dagbag.BundleDagBag","filename":"dagbag.py","lineno":460}
{"timestamp":"2026-07-29T15:17:34.431020Z","level":"error","event":"\u001b[32m2026-07-29 15:17:34,429 - INFO - Connecting to MinIO at http://minio:9000\u001b[0m","logger":"dag_processor.stderr"}
{"timestamp":"2026-07-29T15:17:34.430728Z","level":"info","event":"Connecting to MinIO at http://minio:9000","logger":"FraudDetector","filename":"main.py","lineno":159}
{"timestamp":"2026-07-29T15:17:34.839082Z","level":"error","event":"\u001b[32m2026-07-29 15:17:34,838 - INFO - Bucket 'my-bucket' already exists\u001b[0m","logger":"dag_processor.stderr"}
{"timestamp":"2026-07-29T15:17:34.838976Z","level":"info","event":"Bucket 'my-bucket' already exists","logger":"FraudDetector","filename":"main.py","lineno":178}
{"timestamp":"2026-07-29T15:18:05.293604Z","level":"info","event":"Filling up the DagBag from /opt/airflow/dags/fraud_dags.py","logger":"airflow.dag_processing.dagbag.BundleDagBag","filename":"dagbag.py","lineno":460}
{"timestamp":"2026-07-29T15:18:13.879876Z","level":"error","event":"\u001b[32m2026-07-29 15:18:13,878 - INFO - Connecting to MinIO at http://minio:9000\u001b[0m","logger":"dag_processor.stderr"}
{"timestamp":"2026-07-29T15:18:13.879808Z","level":"info","event":"Connecting to MinIO at http://minio:9000","logger":"FraudDetector","filename":"main.py","lineno":159}
{"timestamp":"2026-07-29T15:18:14.500379Z","level":"error","event":"\u001b[32m2026-07-29 15:18:14,499 - INFO - Bucket 'my-bucket' already exists\u001b[0m","logger":"dag_processor.stderr"}
{"timestamp":"2026-07-29T15:18:14.500143Z","level":"info","event":"Bucket 'my-bucket' already exists","logger":"FraudDetector","filename":"main.py","lineno":178}
{"timestamp":"2026-07-29T15:18:45.397736Z","level":"info","event":"Filling up the DagBag from /opt/airflow/dags/fraud_dags.py","logger":"airflow.dag_processing.dagbag.BundleDagBag","filename":"dagbag.py","lineno":460}
{"timestamp":"2026-07-29T15:18:54.243483Z","level":"error","event":"\u001b[32m2026-07-29 15:18:54,241 - INFO - Connecting to MinIO at http://minio:9000\u001b[0m","logger":"dag_processor.stderr"}
{"timestamp":"2026-07-29T15:18:54.243524Z","level":"info","event":"Connecting to MinIO at http://minio:9000","logger":"FraudDetector","filename":"main.py","lineno":159}
{"timestamp":"2026-07-29T15:18:54.950864Z","level":"error","event":"\u001b[32m2026-07-29 15:18:54,950 - INFO - Bucket 'my-bucket' already exists\u001b[0m","logger":"dag_processor.stderr"}
{"timestamp":"2026-07-29T15:18:54.950785Z","level":"info","event":"Bucket 'my-bucket' already exists","logger":"FraudDetector","filename":"main.py","lineno":178}
{"timestamp":"2026-07-29T15:19:26.021360Z","level":"info","event":"Filling up the DagBag from /opt/airflow/dags/fraud_dags.py","logger":"airflow.dag_processing.dagbag.BundleDagBag","filename":"dagbag.py","lineno":460}
{"timestamp":"2026-07-29T15:19:30.871982Z","level":"error","event":"\u001b[32m2026-07-29 15:19:30,871 - INFO - Connecting to MinIO at http://minio:9000\u001b[0m","logger":"dag_processor.stderr"}
{"timestamp":"2026-07-29T15:19:30.871875Z","level":"info","event":"Connecting to MinIO at http://minio:9000","logger":"FraudDetector","filename":"main.py","lineno":159}
{"timestamp":"2026-07-29T15:19:31.014412Z","level":"error","event":"\u001b[32m2026-07-29 15:19:31,014 - INFO - Bucket 'my-bucket' already exists\u001b[0m","logger":"dag_processor.stderr"}
{"timestamp":"2026-07-29T15:19:31.014336Z","level":"info","event":"Bucket 'my-bucket' already exists","logger":"FraudDetector","filename":"main.py","lineno":178}
{"timestamp":"2026-07-29T15:20:01.292052Z","level":"info","event":"Filling up the DagBag from /opt/airflow/dags/fraud_dags.py","logger":"airflow.dag_processing.dagbag.BundleDagBag","filename":"dagbag.py","lineno":460}
{"timestamp":"2026-07-29T15:20:06.195358Z","level":"error","event":"\u001b[32m2026-07-29 15:20:06,194 - INFO - Connecting to MinIO at http://minio:9000\u001b[0m","logger":"dag_processor.stderr"}
{"timestamp":"2026-07-29T15:20:06.194889Z","level":"info","event":"Connecting to MinIO at http://minio:9000","logger":"FraudDetector","filename":"main.py","lineno":159}
{"timestamp":"2026-07-29T15:20:06.500860Z","level":"error","event":"\u001b[32m2026-07-29 15:20:06,500 - INFO - Bucket 'my-bucket' already exists\u001b[0m","logger":"dag_processor.stderr"}
{"timestamp":"2026-07-29T15:20:06.500662Z","level":"info","event":"Bucket 'my-bucket' already exists","logger":"FraudDetector","filename":"main.py","lineno":178}
