{"timestamp":"2026-07-29T11:33:49.499471Z","level":"info","event":"::group::Pre Execute","logger":"task","filename":"task_runner.py","lineno":2303}
{"timestamp":"2026-07-29T11:33:49.531204Z","level":"info","event":"DAG bundles loaded: dags-folder","map_index":-1,"run_id":"scheduled__2026-01-01T00:00:00+00:00","try_number":1,"ti_id":"019fada6-a047-7179-86ab-3bc8a2214f05","task_id":"train_model_task","dag_id":"fraud_detection_pipeline","logger":"airflow.dag_processing.bundles.manager.DagBundlesManager","filename":"manager.py","lineno":271}
{"timestamp":"2026-07-29T11:33:49.532951Z","level":"info","event":"Filling up the DagBag from /opt/airflow/dags/fraud_dags.py","map_index":-1,"run_id":"scheduled__2026-01-01T00:00:00+00:00","try_number":1,"ti_id":"019fada6-a047-7179-86ab-3bc8a2214f05","task_id":"train_model_task","dag_id":"fraud_detection_pipeline","logger":"airflow.dag_processing.dagbag.BundleDagBag","filename":"dagbag.py","lineno":460}
{"timestamp":"2026-07-29T11:33:50.808087Z","level":"error","event":"\u001b[32m2026-07-29 11:33:50,807 - INFO - Connecting to MinIO at http://minio:9000\u001b[0m","logger":"task.stderr"}
{"timestamp":"2026-07-29T11:33:50.807898Z","level":"info","event":"Connecting to MinIO at http://minio:9000","logger":"FraudDetector","map_index":-1,"run_id":"scheduled__2026-01-01T00:00:00+00:00","try_number":1,"ti_id":"019fada6-a047-7179-86ab-3bc8a2214f05","task_id":"train_model_task","dag_id":"fraud_detection_pipeline","filename":"main.py","lineno":159}
{"timestamp":"2026-07-29T11:33:50.888601Z","level":"error","event":"\u001b[32m2026-07-29 11:33:50,888 - INFO - Bucket 'my-bucket' already exists\u001b[0m","logger":"task.stderr"}
{"timestamp":"2026-07-29T11:33:50.888528Z","level":"info","event":"Bucket 'my-bucket' already exists","logger":"FraudDetector","map_index":-1,"run_id":"scheduled__2026-01-01T00:00:00+00:00","try_number":1,"ti_id":"019fada6-a047-7179-86ab-3bc8a2214f05","task_id":"train_model_task","dag_id":"fraud_detection_pipeline","filename":"main.py","lineno":178}
{"timestamp":"2026-07-29T11:33:50.892004Z","level":"info","event":"Worker startup parse complete","bundle_name":"dags-folder","bundle_version":null,"dag_file":"fraud_dags.py","dag_id":"fraud_detection_pipeline","bundle_prepare_ms":2,"dag_file_parse_ms":1359,"map_index":-1,"run_id":"scheduled__2026-01-01T00:00:00+00:00","try_number":1,"ti_id":"019fada6-a047-7179-86ab-3bc8a2214f05","task_id":"train_model_task","logger":"task","filename":"task_runner.py","lineno":1062}
{"timestamp":"2026-07-29T11:33:50.915191Z","level":"info","event":"::endgroup::","map_index":-1,"run_id":"scheduled__2026-01-01T00:00:00+00:00","try_number":1,"ti_id":"019fada6-a047-7179-86ab-3bc8a2214f05","task_id":"train_model_task","dag_id":"fraud_detection_pipeline","logger":"task","filename":"task_runner.py","lineno":2107}
{"timestamp":"2026-07-29T11:33:50.917250Z","level":"error","event":"\u001b[32m2026-07-29 11:33:50,917 - INFO - ============================================================\u001b[0m","logger":"task.stderr"}
{"timestamp":"2026-07-29T11:33:50.918103Z","level":"error","event":"\u001b[32m2026-07-29 11:33:50,917 - INFO - TASK 3: Model Training\u001b[0m","logger":"task.stderr"}
{"timestamp":"2026-07-29T11:33:50.918901Z","level":"error","event":"\u001b[32m2026-07-29 11:33:50,917 - INFO - ============================================================\u001b[0m","logger":"task.stderr"}
{"timestamp":"2026-07-29T11:33:50.917196Z","level":"info","event":"============================================================","logger":"FraudDetector","map_index":-1,"run_id":"scheduled__2026-01-01T00:00:00+00:00","try_number":1,"ti_id":"019fada6-a047-7179-86ab-3bc8a2214f05","task_id":"train_model_task","dag_id":"fraud_detection_pipeline","filename":"main.py","lineno":297}
{"timestamp":"2026-07-29T11:33:50.917424Z","level":"info","event":"TASK 3: Model Training","logger":"FraudDetector","map_index":-1,"run_id":"scheduled__2026-01-01T00:00:00+00:00","try_number":1,"ti_id":"019fada6-a047-7179-86ab-3bc8a2214f05","task_id":"train_model_task","dag_id":"fraud_detection_pipeline","filename":"main.py","lineno":298}
{"timestamp":"2026-07-29T11:33:50.917513Z","level":"info","event":"============================================================","logger":"FraudDetector","map_index":-1,"run_id":"scheduled__2026-01-01T00:00:00+00:00","try_number":1,"ti_id":"019fada6-a047-7179-86ab-3bc8a2214f05","task_id":"train_model_task","dag_id":"fraud_detection_pipeline","filename":"main.py","lineno":299}
{"timestamp":"2026-07-29T11:33:50.942792Z","level":"error","event":"\u001b[32m2026-07-29 11:33:50,942 - INFO - Fetching cleaned data from MinIO: cleaned/fraud_cleaned_20260101T000000.parquet\u001b[0m","logger":"task.stderr"}
{"timestamp":"2026-07-29T11:33:50.942776Z","level":"info","event":"Fetching cleaned data from MinIO: cleaned/fraud_cleaned_20260101T000000.parquet","logger":"FraudDetector","map_index":-1,"run_id":"scheduled__2026-01-01T00:00:00+00:00","try_number":1,"ti_id":"019fada6-a047-7179-86ab-3bc8a2214f05","task_id":"train_model_task","dag_id":"fraud_detection_pipeline","filename":"main.py","lineno":311}
{"timestamp":"2026-07-29T11:33:51.004375Z","level":"error","event":"\u001b[32m2026-07-29 11:33:51,004 - INFO - Downloaded s3://my-bucket/cleaned/fraud_cleaned_20260101T000000.parquet -> /tmp/tmpv0d3zfls.parquet\u001b[0m","logger":"task.stderr"}
{"timestamp":"2026-07-29T11:33:51.004280Z","level":"info","event":"Downloaded s3://my-bucket/cleaned/fraud_cleaned_20260101T000000.parquet -> /tmp/tmpv0d3zfls.parquet","logger":"FraudDetector","map_index":-1,"run_id":"scheduled__2026-01-01T00:00:00+00:00","try_number":1,"ti_id":"019fada6-a047-7179-86ab-3bc8a2214f05","task_id":"train_model_task","dag_id":"fraud_detection_pipeline","filename":"main.py","lineno":196}
{"timestamp":"2026-07-29T11:33:51.414536Z","level":"error","event":"\u001b[32m2026-07-29 11:33:51,414 - INFO - Training data shape: (1296675, 12)\u001b[0m","logger":"task.stderr"}
{"timestamp":"2026-07-29T11:33:51.414431Z","level":"info","event":"Training data shape: (1296675, 12)","logger":"FraudDetector","map_index":-1,"run_id":"scheduled__2026-01-01T00:00:00+00:00","try_number":1,"ti_id":"019fada6-a047-7179-86ab-3bc8a2214f05","task_id":"train_model_task","dag_id":"fraud_detection_pipeline","filename":"main.py","lineno":325}
{"timestamp":"2026-07-29T11:33:51.416309Z","level":"info","event":"Fraud rate: 0.58%","logger":"FraudDetector","map_index":-1,"run_id":"scheduled__2026-01-01T00:00:00+00:00","try_number":1,"ti_id":"019fada6-a047-7179-86ab-3bc8a2214f05","task_id":"train_model_task","dag_id":"fraud_detection_pipeline","filename":"main.py","lineno":326}
{"timestamp":"2026-07-29T11:33:51.418360Z","level":"error","event":"\u001b[32m2026-07-29 11:33:51,416 - INFO - Fraud rate: 0.58%\u001b[0m","logger":"task.stderr"}
{"timestamp":"2026-07-29T11:33:52.294281Z","level":"error","event":"\u001b[32m2026-07-29 11:33:52,293 - INFO - Training set: 1037340 samples\u001b[0m","logger":"task.stderr"}
{"timestamp":"2026-07-29T11:33:52.296415Z","level":"error","event":"\u001b[32m2026-07-29 11:33:52,294 - INFO - Test set: 259335 samples\u001b[0m","logger":"task.stderr"}
{"timestamp":"2026-07-29T11:33:52.297578Z","level":"error","event":"\u001b[32m2026-07-29 11:33:52,295 - INFO - Training RandomForest classifier...\u001b[0m","logger":"task.stderr"}
{"timestamp":"2026-07-29T11:33:52.294286Z","level":"info","event":"Training set: 1037340 samples","logger":"FraudDetector","map_index":-1,"run_id":"scheduled__2026-01-01T00:00:00+00:00","try_number":1,"ti_id":"019fada6-a047-7179-86ab-3bc8a2214f05","task_id":"train_model_task","dag_id":"fraud_detection_pipeline","filename":"main.py","lineno":356}
{"timestamp":"2026-07-29T11:33:52.294788Z","level":"info","event":"Test set: 259335 samples","logger":"FraudDetector","map_index":-1,"run_id":"scheduled__2026-01-01T00:00:00+00:00","try_number":1,"ti_id":"019fada6-a047-7179-86ab-3bc8a2214f05","task_id":"train_model_task","dag_id":"fraud_detection_pipeline","filename":"main.py","lineno":357}
{"timestamp":"2026-07-29T11:33:52.295154Z","level":"info","event":"Training RandomForest classifier...","logger":"FraudDetector","map_index":-1,"run_id":"scheduled__2026-01-01T00:00:00+00:00","try_number":1,"ti_id":"019fada6-a047-7179-86ab-3bc8a2214f05","task_id":"train_model_task","dag_id":"fraud_detection_pipeline","filename":"main.py","lineno":360}
{"timestamp":"2026-07-29T11:34:13.573232Z","level":"critical","event":"Process terminated by signal. Likely out of memory error (OOM). For more information, see https://airflow.apache.org/docs/apache-airflow/stable/troubleshooting.html#process-terminated-by-signal.","signal":-9,"signal_name":"SIGKILL","logger":"task"}
