{"timestamp":"2026-07-29T09:07:59.549851Z","level":"info","event":"::group::Pre Execute","logger":"task","filename":"task_runner.py","lineno":2303}
{"timestamp":"2026-07-29T09:08:04.572802Z","level":"info","event":"DAG bundles loaded: dags-folder, example_dags, apache-airflow-providers-common-sql-example-dags, apache-airflow-providers-standard-example-dags","dag_id":"Supervised_learningDags","try_number":1,"map_index":-1,"task_id":"checkData","ti_id":"019fad21-705b-70db-b0c4-f27759179979","run_id":"manual__2026-07-29T09:07:57.617052+00:00","logger":"airflow.dag_processing.bundles.manager.DagBundlesManager","filename":"manager.py","lineno":271}
{"timestamp":"2026-07-29T09:08:04.579068Z","level":"info","event":"Filling up the DagBag from /opt/airflow/dags/steps.py","dag_id":"Supervised_learningDags","try_number":1,"map_index":-1,"task_id":"checkData","ti_id":"019fad21-705b-70db-b0c4-f27759179979","run_id":"manual__2026-07-29T09:07:57.617052+00:00","logger":"airflow.dag_processing.dagbag.BundleDagBag","filename":"dagbag.py","lineno":460}
{"timestamp":"2026-07-29T09:08:09.837071Z","level":"info","event":"Worker startup parse complete","bundle_name":"dags-folder","bundle_version":null,"dag_file":"steps.py","dag_id":"Supervised_learningDags","bundle_prepare_ms":8,"dag_file_parse_ms":5258,"try_number":1,"map_index":-1,"task_id":"checkData","ti_id":"019fad21-705b-70db-b0c4-f27759179979","run_id":"manual__2026-07-29T09:07:57.617052+00:00","logger":"task","filename":"task_runner.py","lineno":1062}
{"timestamp":"2026-07-29T09:08:09.901299Z","level":"info","event":"Task instance is in running state","logger":"task.stdout"}
{"timestamp":"2026-07-29T09:08:09.902125Z","level":"info","event":" Previous state of the Task instance: TaskInstanceState.QUEUED","logger":"task.stdout"}
{"timestamp":"2026-07-29T09:08:09.902968Z","level":"info","event":"Current task name:checkData","logger":"task.stdout"}
{"timestamp":"2026-07-29T09:08:09.903651Z","level":"info","event":"Dag name:Supervised_learningDags","logger":"task.stdout"}
{"timestamp":"2026-07-29T09:08:09.901615Z","level":"info","event":"::endgroup::","dag_id":"Supervised_learningDags","try_number":1,"map_index":-1,"task_id":"checkData","ti_id":"019fad21-705b-70db-b0c4-f27759179979","run_id":"manual__2026-07-29T09:07:57.617052+00:00","logger":"task","filename":"task_runner.py","lineno":2107}
{"timestamp":"2026-07-29T09:08:09.903718Z","level":"info","event":"Start Checking .....","logger":"Fraud_predictor","dag_id":"Supervised_learningDags","try_number":1,"map_index":-1,"task_id":"checkData","ti_id":"019fad21-705b-70db-b0c4-f27759179979","run_id":"manual__2026-07-29T09:07:57.617052+00:00","filename":"main.py","lineno":146}
{"timestamp":"2026-07-29T09:08:09.906883Z","level":"error","event":"\u001b[32m2026-07-29 09:08:09,903 - INFO - Start Checking .....\u001b[0m","logger":"task.stderr"}
{"timestamp":"2026-07-29T09:08:17.237540Z","level":"error","event":"\u001b[32m2026-07-29 09:08:17,237 - INFO - Valid Check\u001b[0m","logger":"task.stderr"}
{"timestamp":"2026-07-29T09:08:17.237492Z","level":"info","event":"Valid Check","logger":"Fraud_predictor","dag_id":"Supervised_learningDags","try_number":1,"map_index":-1,"task_id":"checkData","ti_id":"019fad21-705b-70db-b0c4-f27759179979","run_id":"manual__2026-07-29T09:07:57.617052+00:00","filename":"main.py","lineno":154}
{"timestamp":"2026-07-29T09:08:17.237709Z","level":"info","event":"Done. Returned value was: True","dag_id":"Supervised_learningDags","try_number":1,"map_index":-1,"task_id":"checkData","ti_id":"019fad21-705b-70db-b0c4-f27759179979","run_id":"manual__2026-07-29T09:07:57.617052+00:00","logger":"airflow.task.operators.airflow.providers.standard.operators.python.PythonOperator","filename":"python.py","lineno":233}
{"timestamp":"2026-07-29T09:08:17.237831Z","level":"info","event":"::group::Post Execute","dag_id":"Supervised_learningDags","try_number":1,"map_index":-1,"task_id":"checkData","ti_id":"019fad21-705b-70db-b0c4-f27759179979","run_id":"manual__2026-07-29T09:07:57.617052+00:00","logger":"task","filename":"task_runner.py","lineno":1577}
{"timestamp":"2026-07-29T09:08:17.238103Z","level":"info","event":"Pushing xcom","ti":"RuntimeTaskInstance(id=UUID('019fad21-705b-70db-b0c4-f27759179979'), task_id='checkData', dag_id='Supervised_learningDags', run_id='manual__2026-07-29T09:07:57.617052+00:00', try_number=1, dag_version_id=UUID('019fad21-26cd-7aaa-8d07-99a5037ca6b5'), map_index=-1, hostname='931a51415348', context_carrier={'traceparent': '00-80fa011261bead2b2488d10f45ff7076-28b35e2973167ecc-00'}, queue='default', task=<Task(PythonOperator): checkData>, bundle_instance=LocalDagBundle(name=dags-folder), max_tries=0, start_date=datetime.datetime(2026, 7, 29, 9, 8, 4, 474514, tzinfo=datetime.timezone.utc), end_date=None, state=<TaskInstanceState.RUNNING: 'running'>, is_mapped=False, rendered_map_index=None, sentry_integration='sentry_sdk.integrations.celery.CeleryIntegration')","dag_id":"Supervised_learningDags","try_number":1,"map_index":-1,"task_id":"checkData","ti_id":"019fad21-705b-70db-b0c4-f27759179979","run_id":"manual__2026-07-29T09:07:57.617052+00:00","logger":"task","filename":"task_runner.py","lineno":2171}
{"timestamp":"2026-07-29T09:08:17.279207Z","level":"info","event":"Task instance in success state","logger":"task.stdout"}
{"timestamp":"2026-07-29T09:08:17.281039Z","level":"info","event":" Previous state of the Task instance: TaskInstanceState.RUNNING","logger":"task.stdout"}
{"timestamp":"2026-07-29T09:08:17.282359Z","level":"info","event":"Task operator:<Task(PythonOperator): checkData>","logger":"task.stdout"}
{"timestamp":"2026-07-29T09:08:17.279474Z","level":"info","event":"::endgroup::","dag_id":"Supervised_learningDags","try_number":1,"map_index":-1,"task_id":"checkData","ti_id":"019fad21-705b-70db-b0c4-f27759179979","run_id":"manual__2026-07-29T09:07:57.617052+00:00","logger":"task","filename":"task_runner.py","lineno":2270}
